Archive member included to satisfy reference by file (symbol)

c:/gcc-arm-none-eabi-9/bin/../lib/gcc/arm-none-eabi/9.3.1/../../../../arm-none-eabi/lib/thumb/v7-m/nofp\libg.a(lib_a-errno.o)
                              CMakeFiles/stm32.elf.dir/APP/retarget.c.obj (__errno)
c:/gcc-arm-none-eabi-9/bin/../lib/gcc/arm-none-eabi/9.3.1/../../../../arm-none-eabi/lib/thumb/v7-m/nofp\libg.a(lib_a-exit.o)
                              c:/gcc-arm-none-eabi-9/bin/../lib/gcc/arm-none-eabi/9.3.1/../../../../arm-none-eabi/lib/thumb/v7-m/nofp/crt0.o (exit)
c:/gcc-arm-none-eabi-9/bin/../lib/gcc/arm-none-eabi/9.3.1/../../../../arm-none-eabi/lib/thumb/v7-m/nofp\libg.a(lib_a-impure.o)
                              c:/gcc-arm-none-eabi-9/bin/../lib/gcc/arm-none-eabi/9.3.1/../../../../arm-none-eabi/lib/thumb/v7-m/nofp\libg.a(lib_a-exit.o) (_global_impure_ptr)
c:/gcc-arm-none-eabi-9/bin/../lib/gcc/arm-none-eabi/9.3.1/../../../../arm-none-eabi/lib/thumb/v7-m/nofp\libg.a(lib_a-init.o)
                              c:/gcc-arm-none-eabi-9/bin/../lib/gcc/arm-none-eabi/9.3.1/../../../../arm-none-eabi/lib/thumb/v7-m/nofp/crt0.o (__libc_init_array)
c:/gcc-arm-none-eabi-9/bin/../lib/gcc/arm-none-eabi/9.3.1/../../../../arm-none-eabi/lib/thumb/v7-m/nofp\libg.a(lib_a-memset.o)
                              c:/gcc-arm-none-eabi-9/bin/../lib/gcc/arm-none-eabi/9.3.1/../../../../arm-none-eabi/lib/thumb/v7-m/nofp/crt0.o (memset)
c:/gcc-arm-none-eabi-9/bin/../lib/gcc/arm-none-eabi/9.3.1/../../../../arm-none-eabi/lib/thumb/v7-m/nofp\libg.a(lib_a-printf.o)
                              CMakeFiles/stm32.elf.dir/Core/Src/main.c.obj (printf)
c:/gcc-arm-none-eabi-9/bin/../lib/gcc/arm-none-eabi/9.3.1/../../../../arm-none-eabi/lib/thumb/v7-m/nofp\libg.a(lib_a-setvbuf.o)
                              CMakeFiles/stm32.elf.dir/APP/retarget.c.obj (setvbuf)
c:/gcc-arm-none-eabi-9/bin/../lib/gcc/arm-none-eabi/9.3.1/../../../../arm-none-eabi/lib/thumb/v7-m/nofp\libg.a(lib_a-vfprintf.o)
                              c:/gcc-arm-none-eabi-9/bin/../lib/gcc/arm-none-eabi/9.3.1/../../../../arm-none-eabi/lib/thumb/v7-m/nofp\libg.a(lib_a-printf.o) (_vfprintf_r)
c:/gcc-arm-none-eabi-9/bin/../lib/gcc/arm-none-eabi/9.3.1/../../../../arm-none-eabi/lib/thumb/v7-m/nofp\libg.a(lib_a-wsetup.o)
                              c:/gcc-arm-none-eabi-9/bin/../lib/gcc/arm-none-eabi/9.3.1/../../../../arm-none-eabi/lib/thumb/v7-m/nofp\libg.a(lib_a-vfprintf.o) (__swsetup_r)
c:/gcc-arm-none-eabi-9/bin/../lib/gcc/arm-none-eabi/9.3.1/../../../../arm-none-eabi/lib/thumb/v7-m/nofp\libg.a(lib_a-__call_atexit.o)
                              c:/gcc-arm-none-eabi-9/bin/../lib/gcc/arm-none-eabi/9.3.1/../../../../arm-none-eabi/lib/thumb/v7-m/nofp\libg.a(lib_a-exit.o) (__call_exitprocs)
c:/gcc-arm-none-eabi-9/bin/../lib/gcc/arm-none-eabi/9.3.1/../../../../arm-none-eabi/lib/thumb/v7-m/nofp\libg.a(lib_a-atexit.o)
                              c:/gcc-arm-none-eabi-9/bin/../lib/gcc/arm-none-eabi/9.3.1/../../../../arm-none-eabi/lib/thumb/v7-m/nofp\libg.a(lib_a-__call_atexit.o) (atexit)
c:/gcc-arm-none-eabi-9/bin/../lib/gcc/arm-none-eabi/9.3.1/../../../../arm-none-eabi/lib/thumb/v7-m/nofp\libg.a(lib_a-dtoa.o)
                              c:/gcc-arm-none-eabi-9/bin/../lib/gcc/arm-none-eabi/9.3.1/../../../../arm-none-eabi/lib/thumb/v7-m/nofp\libg.a(lib_a-vfprintf.o) (_dtoa_r)
c:/gcc-arm-none-eabi-9/bin/../lib/gcc/arm-none-eabi/9.3.1/../../../../arm-none-eabi/lib/thumb/v7-m/nofp\libg.a(lib_a-fflush.o)
                              c:/gcc-arm-none-eabi-9/bin/../lib/gcc/arm-none-eabi/9.3.1/../../../../arm-none-eabi/lib/thumb/v7-m/nofp\libg.a(lib_a-setvbuf.o) (_fflush_r)
c:/gcc-arm-none-eabi-9/bin/../lib/gcc/arm-none-eabi/9.3.1/../../../../arm-none-eabi/lib/thumb/v7-m/nofp\libg.a(lib_a-findfp.o)
                              c:/gcc-arm-none-eabi-9/bin/../lib/gcc/arm-none-eabi/9.3.1/../../../../arm-none-eabi/lib/thumb/v7-m/nofp\libg.a(lib_a-setvbuf.o) (__sinit)
c:/gcc-arm-none-eabi-9/bin/../lib/gcc/arm-none-eabi/9.3.1/../../../../arm-none-eabi/lib/thumb/v7-m/nofp\libg.a(lib_a-fini.o)
                              c:/gcc-arm-none-eabi-9/bin/../lib/gcc/arm-none-eabi/9.3.1/../../../../arm-none-eabi/lib/thumb/v7-m/nofp\libg.a(lib_a-__call_atexit.o) (__libc_fini_array)
c:/gcc-arm-none-eabi-9/bin/../lib/gcc/arm-none-eabi/9.3.1/../../../../arm-none-eabi/lib/thumb/v7-m/nofp\libg.a(lib_a-freer.o)
                              c:/gcc-arm-none-eabi-9/bin/../lib/gcc/arm-none-eabi/9.3.1/../../../../arm-none-eabi/lib/thumb/v7-m/nofp\libg.a(lib_a-setvbuf.o) (_free_r)
c:/gcc-arm-none-eabi-9/bin/../lib/gcc/arm-none-eabi/9.3.1/../../../../arm-none-eabi/lib/thumb/v7-m/nofp\libg.a(lib_a-fwalk.o)
                              c:/gcc-arm-none-eabi-9/bin/../lib/gcc/arm-none-eabi/9.3.1/../../../../arm-none-eabi/lib/thumb/v7-m/nofp\libg.a(lib_a-findfp.o) (_fwalk)
c:/gcc-arm-none-eabi-9/bin/../lib/gcc/arm-none-eabi/9.3.1/../../../../arm-none-eabi/lib/thumb/v7-m/nofp\libg.a(lib_a-localeconv.o)
[...]
Memory Configuration

Name             Origin             Length             Attributes
RAM              0x20000000         0x0000c000         xrw
FLASH            0x08000000         0x00040000         xr
*default*        0x00000000         0xffffffff

Linker script and memory map

LOAD c:/gcc-arm-none-eabi-9/bin/../lib/gcc/arm-none-eabi/9.3.1/thumb/v7-m/nofp/crti.o
LOAD c:/gcc-arm-none-eabi-9/bin/../lib/gcc/arm-none-eabi/9.3.1/thumb/v7-m/nofp/crtbegin.o
LOAD c:/gcc-arm-none-eabi-9/bin/../lib/gcc/arm-none-eabi/9.3.1/../../../../arm-none-eabi/lib/thumb/v7-m/nofp/crt0.o
LOAD CMakeFiles/stm32.elf.dir/APP/retarget.c.obj
LOAD CMakeFiles/stm32.elf.dir/Core/Src/gpio.c.obj
LOAD CMakeFiles/stm32.elf.dir/Core/Src/main.c.obj
LOAD CMakeFiles/stm32.elf.dir/Core/Src/stm32f1xx_hal_msp.c.obj
LOAD CMakeFiles/stm32.elf.dir/Core/Src/stm32f1xx_it.c.obj
LOAD CMakeFiles/stm32.elf.dir/Core/Src/syscalls.c.obj
LOAD CMakeFiles/stm32.elf.dir/Core/Src/system_stm32f1xx.c.obj
LOAD CMakeFiles/stm32.elf.dir/Core/Src/usart.c.obj
LOAD CMakeFiles/stm32.elf.dir/Drivers/STM32F1xx_HAL_Driver/Src/stm32f1xx_hal.c.obj
LOAD CMakeFiles/stm32.elf.dir/Drivers/STM32F1xx_HAL_Driver/Src/stm32f1xx_hal_cortex.c.obj
LOAD CMakeFiles/stm32.elf.dir/Drivers/STM32F1xx_HAL_Driver/Src/stm32f1xx_hal_dma.c.obj
LOAD CMakeFiles/stm32.elf.dir/Drivers/STM32F1xx_HAL_Driver/Src/stm32f1xx_hal_exti.c.obj
LOAD CMakeFiles/stm32.elf.dir/Drivers/STM32F1xx_HAL_Driver/Src/stm32f1xx_hal_flash.c.obj
LOAD CMakeFiles/stm32.elf.dir/Drivers/STM32F1xx_HAL_Driver/Src/stm32f1xx_hal_flash_ex.c.obj
LOAD CMakeFiles/stm32.elf.dir/Drivers/STM32F1xx_HAL_Driver/Src/stm32f1xx_hal_gpio.c.obj
LOAD CMakeFiles/stm32.elf.dir/Drivers/STM32F1xx_HAL_Driver/Src/stm32f1xx_hal_gpio_ex.c.obj
LOAD CMakeFiles/stm32.elf.dir/Drivers/STM32F1xx_HAL_Driver/Src/stm32f1xx_hal_pwr.c.obj
LOAD CMakeFiles/stm32.elf.dir/Drivers/STM32F1xx_HAL_Driver/Src/stm32f1xx_hal_rcc.c.obj
LOAD CMakeFiles/stm32.elf.dir/Drivers/STM32F1xx_HAL_Driver/Src/stm32f1xx_hal_rcc_ex.c.obj
LOAD CMakeFiles/stm32.elf.dir/Drivers/STM32F1xx_HAL_Driver/Src/stm32f1xx_hal_tim.c.obj
LOAD CMakeFiles/stm32.elf.dir/Drivers/STM32F1xx_HAL_Driver/Src/stm32f1xx_hal_tim_ex.c.obj
LOAD CMakeFiles/stm32.elf.dir/Drivers/STM32F1xx_HAL_Driver/Src/stm32f1xx_hal_uart.c.obj
LOAD CMakeFiles/stm32.elf.dir/startup/startup_stm32f103xe.s.obj
START GROUP
LOAD c:/gcc-arm-none-eabi-9/bin/../lib/gcc/arm-none-eabi/9.3.1/thumb/v7-m/nofp\libgcc.a
LOAD c:/gcc-arm-none-eabi-9/bin/../lib/gcc/arm-none-eabi/9.3.1/../../../../arm-none-eabi/lib/thumb/v7-m/nofp\libg.a
LOAD c:/gcc-arm-none-eabi-9/bin/../lib/gcc/arm-none-eabi/9.3.1/../../../../arm-none-eabi/lib/thumb/v7-m/nofp\libc.a
END GROUP
LOAD c:/gcc-arm-none-eabi-9/bin/../lib/gcc/arm-none-eabi/9.3.1/thumb/v7-m/nofp/crtend.o
LOAD c:/gcc-arm-none-eabi-9/bin/../lib/gcc/arm-none-eabi/9.3.1/thumb/v7-m/nofp/crtn.o
                0x2000c000                _estack = 0x2000c000
                0x00000400                _Min_Heap_Size = 0x400
                0x00000400                _Min_Stack_Size = 0x400

.isr_vector     0x08000000      0x1e4
                0x08000000                . = ALIGN (0x4)
 *(.isr_vector)
 .isr_vector    0x08000000      0x1e4 CMakeFiles/stm32.elf.dir/startup/startup_stm32f103xe.s.obj
                0x08000000                g_pfnVectors
                0x080001e4                . = ALIGN (0x4)

.text           0x080001e8     0x7fb0
                0x080001e8                . = ALIGN (0x4)
 *(.text)
 .text          0x080001e8       0x40 c:/gcc-arm-none-eabi-9/bin/../lib/gcc/arm-none-eabi/9.3.1/thumb/v7-m/nofp/crtbegin.o
 .text          0x08000228       0xec c:/gcc-arm-none-eabi-9/bin/../lib/gcc/arm-none-eabi/9.3.1/../../../../arm-none-eabi/lib/thumb/v7-m/nofp\libg.a(lib_a-memcpy.o)
                0x08000228                memcpy
 .text          0x08000314      0x378 c:/gcc-arm-none-eabi-9/bin/../lib/gcc/arm-none-eabi/9.3.1/thumb/v7-m/nofp\libgcc.a(_arm_addsubdf3.o)
                0x08000314                __aeabi_drsub
                0x0800031c                __aeabi_dsub
                0x0800031c                __subdf3
                0x08000320                __aeabi_dadd
                0x08000320                __adddf3
                0x08000598                __floatunsidf
                0x08000598                __aeabi_ui2d
                0x080005b8                __floatsidf
                0x080005b8                __aeabi_i2d
                0x080005dc                __aeabi_f2d
                0x080005dc                __extendsfdf2
                0x08000620                __floatundidf
                0x08000620                __aeabi_ul2d
                0x08000630                __floatdidf
                0x08000630                __aeabi_l2d
 .text          0x0800068c      0x424 c:/gcc-arm-none-eabi-9/bin/../lib/gcc/arm-none-eabi/9.3.1/thumb/v7-m/nofp\libgcc.a(_arm_muldivdf3.o)
                0x0800068c                __aeabi_dmul
                0x0800068c                __muldf3
                0x080008e0                __divdf3
                0x080008e0                __aeabi_ddiv
 .text          0x08000ab0      0x110 c:/gcc-arm-none-eabi-9/bin/../lib/gcc/arm-none-eabi/9.3.1/thumb/v7-m/nofp\libgcc.a(_arm_cmpdf2.o)
                0x08000ab0                __gtdf2
                0x08000ab0                __gedf2
                0x08000ab8                __ltdf2
                0x08000ab8                __ledf2
                0x08000ac0                __nedf2
                0x08000ac0                __eqdf2
                0x08000ac0                __cmpdf2
                0x08000b3c                __aeabi_cdrcmple
                0x08000b4c                __aeabi_cdcmpeq
                0x08000b4c                __aeabi_cdcmple
                0x08000b5c                __aeabi_dcmpeq
                0x08000b70                __aeabi_dcmplt
                0x08000b84                __aeabi_dcmple
                0x08000b98                __aeabi_dcmpge
                0x08000bac                __aeabi_dcmpgt
 .text          0x08000bc0       0x2c c:/gcc-arm-none-eabi-9/bin/../lib/gcc/arm-none-eabi/9.3.1/thumb/v7-m/nofp\libgcc.a(_arm_unorddf2.o)
                0x08000bc0                __unorddf2
                0x08000bc0                __aeabi_dcmpun
 .text          0x08000bec       0x50 c:/gcc-arm-none-eabi-9/bin/../lib/gcc/arm-none-eabi/9.3.1/thumb/v7-m/nofp\libgcc.a(_arm_fixdfsi.o)
                0x08000bec                __aeabi_d2iz
                0x08000bec                __fixdfsi
 .text          0x08000c3c       0x30 c:/gcc-arm-none-eabi-9/bin/../lib/gcc/arm-none-eabi/9.3.1/thumb/v7-m/nofp\libgcc.a(_aeabi_uldivmod.o)
                0x08000c3c                __aeabi_uldivmod
 .text          0x08000c6c      0x2c4 c:/gcc-arm-none-eabi-9/bin/../lib/gcc/arm-none-eabi/9.3.1/thumb/v7-m/nofp\libgcc.a(_udivmoddi4.o)
                0x08000c6c                __udivmoddi4
 .text          0x08000f30        0x4 c:/gcc-arm-none-eabi-9/bin/../lib/gcc/arm-none-eabi/9.3.1/thumb/v7-m/nofp\libgcc.a(_dvmd_tls.o)
                0x08000f30                __aeabi_idiv0
                0x08000f30                __aeabi_ldiv0
 *(.text*)
 .text.RetargetInit
                0x08000f34       0x20 CMakeFiles/stm32.elf.dir/APP/retarget.c.obj
                0x08000f34                RetargetInit
 .text._isatty  0x08000f54       0x16 CMakeFiles/stm32.elf.dir/APP/retarget.c.obj
                0x08000f54                _isatty
 *fill*         0x08000f6a        0x2 
 .text._write   0x08000f6c       0x34 CMakeFiles/stm32.elf.dir/APP/retarget.c.obj
                0x08000f6c                _write
 .text._close   0x08000fa0       0x18 CMakeFiles/stm32.elf.dir/APP/retarget.c.obj
                0x08000fa0                _close
 .text._lseek   0x08000fb8       0x10 CMakeFiles/stm32.elf.dir/APP/retarget.c.obj
                0x08000fb8                _lseek
 .text._read    0x08000fc8       0x30 CMakeFiles/stm32.elf.dir/APP/retarget.c.obj
                0x08000fc8                _read
 .text._fstat   0x08000ff8       0x1a CMakeFiles/stm32.elf.dir/APP/retarget.c.obj
                0x08000ff8                _fstat
 *fill*         0x08001012        0x2 
 .text.MX_GPIO_Init
                0x08001014       0x68 CMakeFiles/stm32.elf.dir/Core/Src/gpio.c.obj
                0x08001014                MX_GPIO_Init
 .text.SystemClock_Config
                0x0800107c       0x52 CMakeFiles/stm32.elf.dir/Core/Src/main.c.obj
                0x0800107c                SystemClock_Config
 *fill*         0x080010ce        0x2 
 .text.main     0x080010d0       0x40 CMakeFiles/stm32.elf.dir/Core/Src/main.c.obj
                0x080010d0                main
 .text.Error_Handler
                0x08001110        0x2 CMakeFiles/stm32.elf.dir/Core/Src/main.c.obj
                0x08001110                Error_Handler
 *fill*         0x08001112        0x2 
 .text.HAL_MspInit
                0x08001114       0x44 CMakeFiles/stm32.elf.dir/Core/Src/stm32f1xx_hal_msp.c.obj
                0x08001114                HAL_MspInit
 .text.NMI_Handler
                0x08001158        0x2 CMakeFiles/stm32.elf.dir/Core/Src/stm32f1xx_it.c.obj
                0x08001158                NMI_Handler
 .text.HardFault_Handler
                0x0800115a        0x2 CMakeFiles/stm32.elf.dir/Core/Src/stm32f1xx_it.c.obj
                0x0800115a                HardFault_Handler
 .text.MemManage_Handler
                0x0800115c        0x2 CMakeFiles/stm32.elf.dir/Core/Src/stm32f1xx_it.c.obj
                0x0800115c                MemManage_Handler
 .text.BusFault_Handler
                0x0800115e        0x2 CMakeFiles/stm32.elf.dir/Core/Src/stm32f1xx_it.c.obj
                0x0800115e                BusFault_Handler
 .text.UsageFault_Handler
                0x08001160        0x2 CMakeFiles/stm32.elf.dir/Core/Src/stm32f1xx_it.c.obj
                0x08001160                UsageFault_Handler
 .text.SVC_Handler
                0x08001162        0x2 CMakeFiles/stm32.elf.dir/Core/Src/stm32f1xx_it.c.obj
                0x08001162                SVC_Handler
 .text.DebugMon_Handler
                0x08001164        0x2 CMakeFiles/stm32.elf.dir/Core/Src/stm32f1xx_it.c.obj
                0x08001164                DebugMon_Handler
 .text.PendSV_Handler
                0x08001166        0x2 CMakeFiles/stm32.elf.dir/Core/Src/stm32f1xx_it.c.obj
                0x08001166                PendSV_Handler
 .text.SysTick_Handler
                0x08001168        0x8 CMakeFiles/stm32.elf.dir/Core/Src/stm32f1xx_it.c.obj
                0x08001168                SysTick_Handler
 .text._getpid  0x08001170        0x4 CMakeFiles/stm32.elf.dir/Core/Src/syscalls.c.obj
                0x08001170                _getpid
 .text._kill    0x08001174       0x10 CMakeFiles/stm32.elf.dir/Core/Src/syscalls.c.obj
                0x08001174                _kill
 .text._exit    0x08001184        0xc CMakeFiles/stm32.elf.dir/Core/Src/syscalls.c.obj
                0x08001184                _exit
 .text._sbrk    0x08001190       0x3c CMakeFiles/stm32.elf.dir/Core/Src/syscalls.c.obj
                0x08001190                _sbrk
 .text.SystemInit
                0x080011cc        0x2 CMakeFiles/stm32.elf.dir/Core/Src/system_stm32f1xx.c.obj
                0x080011cc                SystemInit
 *fill*         0x080011ce        0x2 
 .text.MX_USART1_UART_Init
                0x080011d0       0x34 CMakeFiles/stm32.elf.dir/Core/Src/usart.c.obj
                0x080011d0                MX_USART1_UART_Init
 .text.HAL_UART_MspInit
                0x08001204       0x78 CMakeFiles/stm32.elf.dir/Core/Src/usart.c.obj
                0x08001204                HAL_UART_MspInit
 .text.HAL_InitTick
                0x0800127c       0x4c CMakeFiles/stm32.elf.dir/Drivers/STM32F1xx_HAL_Driver/Src/stm32f1xx_hal.c.obj
                0x0800127c                HAL_InitTick
 .text.HAL_Init
                0x080012c8       0x24 CMakeFiles/stm32.elf.dir/Drivers/STM32F1xx_HAL_Driver/Src/stm32f1xx_hal.c.obj
                0x080012c8                HAL_Init
 .text.HAL_IncTick
                0x080012ec       0x18 CMakeFiles/stm32.elf.dir/Drivers/STM32F1xx_HAL_Driver/Src/stm32f1xx_hal.c.obj
                0x080012ec                HAL_IncTick
 .text.HAL_GetTick
                0x08001304        0xc CMakeFiles/stm32.elf.dir/Drivers/STM32F1xx_HAL_Driver/Src/stm32f1xx_hal.c.obj
                0x08001304                HAL_GetTick
 .text.HAL_Delay
                0x08001310       0x28 CMakeFiles/stm32.elf.dir/Drivers/STM32F1xx_HAL_Driver/Src/stm32f1xx_hal.c.obj
                0x08001310                HAL_Delay
 .text.HAL_NVIC_SetPriorityGrouping
                0x08001338       0x24 CMakeFiles/stm32.elf.dir/Drivers/STM32F1xx_HAL_Driver/Src/stm32f1xx_hal_cortex.c.obj
                0x08001338                HAL_NVIC_SetPriorityGrouping
 .text.HAL_NVIC_SetPriority
                0x0800135c       0x68 CMakeFiles/stm32.elf.dir/Drivers/STM32F1xx_HAL_Driver/Src/stm32f1xx_hal_cortex.c.obj
                0x0800135c                HAL_NVIC_SetPriority
 .text.HAL_SYSTICK_Config
                0x080013c4       0x2c CMakeFiles/stm32.elf.dir/Drivers/STM32F1xx_HAL_Driver/Src/stm32f1xx_hal_cortex.c.obj
                0x080013c4                HAL_SYSTICK_Config
 .text.HAL_GPIO_Init
                0x080013f0      0x238 CMakeFiles/stm32.elf.dir/Drivers/STM32F1xx_HAL_Driver/Src/stm32f1xx_hal_gpio.c.obj
                0x080013f0                HAL_GPIO_Init
 .text.HAL_GPIO_WritePin
                0x08001628        0xc CMakeFiles/stm32.elf.dir/Drivers/STM32F1xx_HAL_Driver/Src/stm32f1xx_hal_gpio.c.obj
                0x08001628                HAL_GPIO_WritePin
 .text.HAL_GPIO_TogglePin
                0x08001634       0x12 CMakeFiles/stm32.elf.dir/Drivers/STM32F1xx_HAL_Driver/Src/stm32f1xx_hal_gpio.c.obj
                0x08001634                HAL_GPIO_TogglePin
 *fill*         0x08001646        0x2 
 .text.RCC_Delay
                0x08001648       0x2c CMakeFiles/stm32.elf.dir/Drivers/STM32F1xx_HAL_Driver/Src/stm32f1xx_hal_rcc.c.obj
 .text.HAL_RCC_OscConfig
                0x08001674      0x410 CMakeFiles/stm32.elf.dir/Drivers/STM32F1xx_HAL_Driver/Src/stm32f1xx_hal_rcc.c.obj
                0x08001674                HAL_RCC_OscConfig
 .text.HAL_RCC_GetSysClockFreq
                0x08001a84       0x6c CMakeFiles/stm32.elf.dir/Drivers/STM32F1xx_HAL_Driver/Src/stm32f1xx_hal_rcc.c.obj
                0x08001a84                HAL_RCC_GetSysClockFreq
 .text.HAL_RCC_ClockConfig
                0x08001af0      0x16c CMakeFiles/stm32.elf.dir/Drivers/STM32F1xx_HAL_Driver/Src/stm32f1xx_hal_rcc.c.obj
                0x08001af0                HAL_RCC_ClockConfig
 .text.HAL_RCC_GetHCLKFreq
                0x08001c5c        0xc CMakeFiles/stm32.elf.dir/Drivers/STM32F1xx_HAL_Driver/Src/stm32f1xx_hal_rcc.c.obj
                0x08001c5c                HAL_RCC_GetHCLKFreq
 .text.HAL_RCC_GetPCLK1Freq
                0x08001c68       0x20 CMakeFiles/stm32.elf.dir/Drivers/STM32F1xx_HAL_Driver/Src/stm32f1xx_hal_rcc.c.obj
                0x08001c68                HAL_RCC_GetPCLK1Freq
 .text.HAL_RCC_GetPCLK2Freq
                0x08001c88       0x20 CMakeFiles/stm32.elf.dir/Drivers/STM32F1xx_HAL_Driver/Src/stm32f1xx_hal_rcc.c.obj
                0x08001c88                HAL_RCC_GetPCLK2Freq
 .text.UART_SetConfig
                0x08001ca8       0x90 CMakeFiles/stm32.elf.dir/Drivers/STM32F1xx_HAL_Driver/Src/stm32f1xx_hal_uart.c.obj
 .text.UART_WaitOnFlagUntilTimeout
                0x08001d38       0x68 CMakeFiles/stm32.elf.dir/Drivers/STM32F1xx_HAL_Driver/Src/stm32f1xx_hal_uart.c.obj
 .text.HAL_UART_Init
                0x08001da0       0x5e CMakeFiles/stm32.elf.dir/Drivers/STM32F1xx_HAL_Driver/Src/stm32f1xx_hal_uart.c.obj
                0x08001da0                HAL_UART_Init
 .text.HAL_UART_Transmit
                0x08001dfe       0xd8 CMakeFiles/stm32.elf.dir/Drivers/STM32F1xx_HAL_Driver/Src/stm32f1xx_hal_uart.c.obj
                0x08001dfe                HAL_UART_Transmit
 .text.HAL_UART_Receive
                0x08001ed6       0xe2 CMakeFiles/stm32.elf.dir/Drivers/STM32F1xx_HAL_Driver/Src/stm32f1xx_hal_uart.c.obj
                0x08001ed6                HAL_UART_Receive
 .text.Reset_Handler
                0x08001fb8       0x48 CMakeFiles/stm32.elf.dir/startup/startup_stm32f103xe.s.obj
                0x08001fb8                Reset_Handler
 .text.Default_Handler
                0x08002000        0x2 CMakeFiles/stm32.elf.dir/startup/startup_stm32f103xe.s.obj
                0x08002000                RTC_Alarm_IRQHandler
                0x08002000                EXTI2_IRQHandler
                0x08002000                TIM8_TRG_COM_IRQHandler
                0x08002000                TIM8_CC_IRQHandler
                0x08002000                TIM1_CC_IRQHandler
                0x08002000                TIM6_IRQHandler
                0x08002000                PVD_IRQHandler
                0x08002000                SDIO_IRQHandler
                0x08002000                EXTI3_IRQHandler
                0x08002000                EXTI0_IRQHandler
                0x08002000                I2C2_EV_IRQHandler
                0x08002000                ADC1_2_IRQHandler
                0x08002000                SPI1_IRQHandler
                0x08002000                TAMPER_IRQHandler
                0x08002000                TIM8_UP_IRQHandler
                0x08002000                DMA2_Channel2_IRQHandler
                0x08002000                DMA1_Channel4_IRQHandler
                0x08002000                USART3_IRQHandler
                0x08002000                RTC_IRQHandler
                0x08002000                DMA1_Channel7_IRQHandler
                0x08002000                CAN1_RX1_IRQHandler
                0x08002000                UART5_IRQHandler
                0x08002000                ADC3_IRQHandler
                0x08002000                TIM4_IRQHandler
                0x08002000                DMA2_Channel1_IRQHandler
                0x08002000                I2C1_EV_IRQHandler
                0x08002000                DMA1_Channel6_IRQHandler
                0x08002000                UART4_IRQHandler
                0x08002000                TIM3_IRQHandler
                0x08002000                RCC_IRQHandler
                0x08002000                TIM1_TRG_COM_IRQHandler
                0x08002000                DMA1_Channel1_IRQHandler
                0x08002000                Default_Handler
                0x08002000                EXTI15_10_IRQHandler
                0x08002000                TIM7_IRQHandler
                0x08002000                TIM5_IRQHandler
                0x08002000                EXTI9_5_IRQHandler
                0x08002000                SPI2_IRQHandler
                0x08002000                DMA1_Channel5_IRQHandler
                0x08002000                EXTI4_IRQHandler
                0x08002000                USB_LP_CAN1_RX0_IRQHandler
                0x08002000                USB_HP_CAN1_TX_IRQHandler
                0x08002000                DMA1_Channel3_IRQHandler
                0x08002000                FSMC_IRQHandler
                0x08002000                TIM1_UP_IRQHandler
                0x08002000                WWDG_IRQHandler
                0x08002000                TIM2_IRQHandler
                0x08002000                TIM1_BRK_IRQHandler
                0x08002000                EXTI1_IRQHandler
                0x08002000                DMA2_Channel4_5_IRQHandler
                0x08002000                USART2_IRQHandler
                0x08002000                I2C2_ER_IRQHandler
                0x08002000                DMA1_Channel2_IRQHandler
                0x08002000                TIM8_BRK_IRQHandler
                0x08002000                CAN1_SCE_IRQHandler
                0x08002000                FLASH_IRQHandler
                0x08002000                USART1_IRQHandler
                0x08002000                SPI3_IRQHandler
                0x08002000                I2C1_ER_IRQHandler
                0x08002000                USBWakeUp_IRQHandler
                0x08002000                DMA2_Channel3_IRQHandler
 *fill*         0x08002002        0x2 
 .text.__errno  0x08002004        0xc c:/gcc-arm-none-eabi-9/bin/../lib/gcc/arm-none-eabi/9.3.1/../../../../arm-none-eabi/lib/thumb/v7-m/nofp\libg.a(lib_a-errno.o)
                0x08002004                __errno
 .text.__libc_init_array
                0x08002010       0x48 c:/gcc-arm-none-eabi-9/bin/../lib/gcc/arm-none-eabi/9.3.1/../../../../arm-none-eabi/lib/thumb/v7-m/nofp\libg.a(lib_a-init.o)
                0x08002010                __libc_init_array
 .text.memset   0x08002058       0xa0 c:/gcc-arm-none-eabi-9/bin/../lib/gcc/arm-none-eabi/9.3.1/../../../../arm-none-eabi/lib/thumb/v7-m/nofp\libg.a(lib_a-memset.o)
                0x08002058                memset
 .text.printf   0x080020f8       0x28 c:/gcc-arm-none-eabi-9/bin/../lib/gcc/arm-none-eabi/9.3.1/../../../../arm-none-eabi/lib/thumb/v7-m/nofp\libg.a(lib_a-printf.o)
                0x080020f8                printf
 .text.setvbuf  0x08002120      0x1a0 c:/gcc-arm-none-eabi-9/bin/../lib/gcc/arm-none-eabi/9.3.1/../../../../arm-none-eabi/lib/thumb/v7-m/nofp\libg.a(lib_a-setvbuf.o)
                0x08002120                setvbuf
 .text._vfprintf_r
                0x080022c0     0x1c18 c:/gcc-arm-none-eabi-9/bin/../lib/gcc/arm-none-eabi/9.3.1/../../../../arm-none-eabi/lib/thumb/v7-m/nofp\libg.a(lib_a-vfprintf.o)
                0x080022c0                _vfprintf_r
 .text.__sbprintf
                0x08003ed8       0x88 c:/gcc-arm-none-eabi-9/bin/../lib/gcc/arm-none-eabi/9.3.1/../../../../arm-none-eabi/lib/thumb/v7-m/nofp\libg.a(lib_a-vfprintf.o)
 .text.__swsetup_r
                0x08003f60       0xd0 c:/gcc-arm-none-eabi-9/bin/../lib/gcc/arm-none-eabi/9.3.1/../../../../arm-none-eabi/lib/thumb/v7-m/nofp\libg.a(lib_a-wsetup.o)
                0x08003f60                __swsetup_r
 .text.startup.register_fini
                0x08004030       0x14 c:/gcc-arm-none-eabi-9/bin/../lib/gcc/arm-none-eabi/9.3.1/../../../../arm-none-eabi/lib/thumb/v7-m/nofp\libg.a(lib_a-__call_atexit.o)
 .text.atexit   0x08004044        0xc c:/gcc-arm-none-eabi-9/bin/../lib/gcc/arm-none-eabi/9.3.1/../../../../arm-none-eabi/lib/thumb/v7-m/nofp\libg.a(lib_a-atexit.o)
                0x08004044                atexit
 .text.quorem   0x08004050      0x120 c:/gcc-arm-none-eabi-9/bin/../lib/gcc/arm-none-eabi/9.3.1/../../../../arm-none-eabi/lib/thumb/v7-m/nofp\libg.a(lib_a-dtoa.o)
 .text._dtoa_r  0x08004170      0xec8 c:/gcc-arm-none-eabi-9/bin/../lib/gcc/arm-none-eabi/9.3.1/../../../../arm-none-eabi/lib/thumb/v7-m/nofp\libg.a(lib_a-dtoa.o)
                0x08004170                _dtoa_r
 .text.__sflush_r
                0x08005038      0x130 c:/gcc-arm-none-eabi-9/bin/../lib/gcc/arm-none-eabi/9.3.1/../../../../arm-none-eabi/lib/thumb/v7-m/nofp\libg.a(lib_a-fflush.o)
                0x08005038                __sflush_r
 .text._fflush_r
                0x08005168       0x5c c:/gcc-arm-none-eabi-9/bin/../lib/gcc/arm-none-eabi/9.3.1/../../../../arm-none-eabi/lib/thumb/v7-m/nofp\libg.a(lib_a-fflush.o)
                0x08005168                _fflush_r
 .text.std      0x080051c4       0x50 c:/gcc-arm-none-eabi-9/bin/../lib/gcc/arm-none-eabi/9.3.1/../../../../arm-none-eabi/lib/thumb/v7-m/nofp\libg.a(lib_a-findfp.o)
 .text._cleanup_r
                0x08005214        0xc c:/gcc-arm-none-eabi-9/bin/../lib/gcc/arm-none-eabi/9.3.1/../../../../arm-none-eabi/lib/thumb/v7-m/nofp\libg.a(lib_a-findfp.o)
                0x08005214                _cleanup_r
 .text.__sinit  0x08005220       0x5c c:/gcc-arm-none-eabi-9/bin/../lib/gcc/arm-none-eabi/9.3.1/../../../../arm-none-eabi/lib/thumb/v7-m/nofp\libg.a(lib_a-findfp.o)
                0x08005220                __sinit
 .text.__sfp_lock_acquire
                0x0800527c        0xc c:/gcc-arm-none-eabi-9/bin/../lib/gcc/arm-none-eabi/9.3.1/../../../../arm-none-eabi/lib/thumb/v7-m/nofp\libg.a(lib_a-findfp.o)
                0x0800527c                __sfp_lock_acquire
 .text.__sfp_lock_release
                0x08005288        0xc c:/gcc-arm-none-eabi-9/bin/../lib/gcc/arm-none-eabi/9.3.1/../../../../arm-none-eabi/lib/thumb/v7-m/nofp\libg.a(lib_a-findfp.o)
                0x08005288                __sfp_lock_release
 .text.__libc_fini_array
                0x08005294       0x2c c:/gcc-arm-none-eabi-9/bin/../lib/gcc/arm-none-eabi/9.3.1/../../../../arm-none-eabi/lib/thumb/v7-m/nofp\libg.a(lib_a-fini.o)
                0x08005294                __libc_fini_array
 .text._malloc_trim_r
                0x080052c0       0xa0 c:/gcc-arm-none-eabi-9/bin/../lib/gcc/arm-none-eabi/9.3.1/../../../../arm-none-eabi/lib/thumb/v7-m/nofp\libg.a(lib_a-freer.o)
                0x080052c0                _malloc_trim_r
 .text._free_r  0x08005360      0x20c c:/gcc-arm-none-eabi-9/bin/../lib/gcc/arm-none-eabi/9.3.1/../../../../arm-none-eabi/lib/thumb/v7-m/nofp\libg.a(lib_a-freer.o)
                0x08005360                _free_r
 .text._fwalk_reent
                0x0800556c       0x48 c:/gcc-arm-none-eabi-9/bin/../lib/gcc/arm-none-eabi/9.3.1/../../../../arm-none-eabi/lib/thumb/v7-m/nofp\libg.a(lib_a-fwalk.o)
                0x0800556c                _fwalk_reent
 .text._localeconv_r
                0x080055b4        0x8 c:/gcc-arm-none-eabi-9/bin/../lib/gcc/arm-none-eabi/9.3.1/../../../../arm-none-eabi/lib/thumb/v7-m/nofp\libg.a(lib_a-localeconv.o)
                0x080055b4                _localeconv_r
 .text.__retarget_lock_init_recursive
                0x080055bc        0x4 c:/gcc-arm-none-eabi-9/bin/../lib/gcc/arm-none-eabi/9.3.1/../../../../arm-none-eabi/lib/thumb/v7-m/nofp\libg.a(lib_a-lock.o)
                0x080055bc                __retarget_lock_init_recursive
 .text.__retarget_lock_close_recursive
                0x080055c0        0x4 c:/gcc-arm-none-eabi-9/bin/../lib/gcc/arm-none-eabi/9.3.1/../../../../arm-none-eabi/lib/thumb/v7-m/nofp\libg.a(lib_a-lock.o)
                0x080055c0                __retarget_lock_close_recursive
 .text.__retarget_lock_acquire_recursive
                0x080055c4        0x4 c:/gcc-arm-none-eabi-9/bin/../lib/gcc/arm-none-eabi/9.3.1/../../../../arm-none-eabi/lib/thumb/v7-m/nofp\libg.a(lib_a-lock.o)
                0x080055c4                __retarget_lock_acquire_recursive
 .text.__retarget_lock_release_recursive
                0x080055c8        0x4 c:/gcc-arm-none-eabi-9/bin/../lib/gcc/arm-none-eabi/9.3.1/../../../../arm-none-eabi/lib/thumb/v7-m/nofp\libg.a(lib_a-lock.o)
                0x080055c8                __retarget_lock_release_recursive
 .text.__swhatbuf_r
                0x080055cc       0x5c c:/gcc-arm-none-eabi-9/bin/../lib/gcc/arm-none-eabi/9.3.1/../../../../arm-none-eabi/lib/thumb/v7-m/nofp\libg.a(lib_a-makebuf.o)
                0x080055cc                __swhatbuf_r
 .text.__smakebuf_r
                0x08005628       0x94 c:/gcc-arm-none-eabi-9/bin/../lib/gcc/arm-none-eabi/9.3.1/../../../../arm-none-eabi/lib/thumb/v7-m/nofp\libg.a(lib_a-makebuf.o)
                0x08005628                __smakebuf_r
 .text.malloc   0x080056bc       0x10 c:/gcc-arm-none-eabi-9/bin/../lib/gcc/arm-none-eabi/9.3.1/../../../../arm-none-eabi/lib/thumb/v7-m/nofp\libg.a(lib_a-malloc.o)
                0x080056bc                malloc
 .text._malloc_r
                0x080056cc      0x55c c:/gcc-arm-none-eabi-9/bin/../lib/gcc/arm-none-eabi/9.3.1/../../../../arm-none-eabi/lib/thumb/v7-m/nofp\libg.a(lib_a-mallocr.o)
                0x080056cc                _malloc_r
 .text.memchr   0x08005c28       0x80 c:/gcc-arm-none-eabi-9/bin/../lib/gcc/arm-none-eabi/9.3.1/../../../../arm-none-eabi/lib/thumb/v7-m/nofp\libg.a(lib_a-memchr-stub.o)
                0x08005c28                memchr
 .text.__malloc_lock
                0x08005ca8        0xc c:/gcc-arm-none-eabi-9/bin/../lib/gcc/arm-none-eabi/9.3.1/../../../../arm-none-eabi/lib/thumb/v7-m/nofp\libg.a(lib_a-mlock.o)
                0x08005ca8                __malloc_lock
 .text.__malloc_unlock
                0x08005cb4        0xc c:/gcc-arm-none-eabi-9/bin/../lib/gcc/arm-none-eabi/9.3.1/../../../../arm-none-eabi/lib/thumb/v7-m/nofp\libg.a(lib_a-mlock.o)
                0x08005cb4                __malloc_unlock
 .text._Balloc  0x08005cc0       0x4c c:/gcc-arm-none-eabi-9/bin/../lib/gcc/arm-none-eabi/9.3.1/../../../../arm-none-eabi/lib/thumb/v7-m/nofp\libg.a(lib_a-mprec.o)
                0x08005cc0                _Balloc
 .text._Bfree   0x08005d0c       0x14 c:/gcc-arm-none-eabi-9/bin/../lib/gcc/arm-none-eabi/9.3.1/../../../../arm-none-eabi/lib/thumb/v7-m/nofp\libg.a(lib_a-mprec.o)
                0x08005d0c                _Bfree
 .text.__multadd
                0x08005d20       0x9c c:/gcc-arm-none-eabi-9/bin/../lib/gcc/arm-none-eabi/9.3.1/../../../../arm-none-eabi/lib/thumb/v7-m/nofp\libg.a(lib_a-mprec.o)
                0x08005d20                __multadd
 .text.__hi0bits
                0x08005dbc       0x40 c:/gcc-arm-none-eabi-9/bin/../lib/gcc/arm-none-eabi/9.3.1/../../../../arm-none-eabi/lib/thumb/v7-m/nofp\libg.a(lib_a-mprec.o)
                0x08005dbc                __hi0bits
 .text.__lo0bits
                0x08005dfc       0x60 c:/gcc-arm-none-eabi-9/bin/../lib/gcc/arm-none-eabi/9.3.1/../../../../arm-none-eabi/lib/thumb/v7-m/nofp\libg.a(lib_a-mprec.o)
                0x08005dfc                __lo0bits
 .text.__i2b    0x08005e5c       0x2c c:/gcc-arm-none-eabi-9/bin/../lib/gcc/arm-none-eabi/9.3.1/../../../../arm-none-eabi/lib/thumb/v7-m/nofp\libg.a(lib_a-mprec.o)
                0x08005e5c                __i2b
 .text.__multiply
                0x08005e88      0x160 c:/gcc-arm-none-eabi-9/bin/../lib/gcc/arm-none-eabi/9.3.1/../../../../arm-none-eabi/lib/thumb/v7-m/nofp\libg.a(lib_a-mprec.o)
                0x08005e88                __multiply
 .text.__pow5mult
                0x08005fe8       0x98 c:/gcc-arm-none-eabi-9/bin/../lib/gcc/arm-none-eabi/9.3.1/../../../../arm-none-eabi/lib/thumb/v7-m/nofp\libg.a(lib_a-mprec.o)
                0x08005fe8                __pow5mult
 .text.__lshift
                0x08006080       0xe8 c:/gcc-arm-none-eabi-9/bin/../lib/gcc/arm-none-eabi/9.3.1/../../../../arm-none-eabi/lib/thumb/v7-m/nofp\libg.a(lib_a-mprec.o)
                0x08006080                __lshift
 .text.__mcmp   0x08006168       0x3c c:/gcc-arm-none-eabi-9/bin/../lib/gcc/arm-none-eabi/9.3.1/../../../../arm-none-eabi/lib/thumb/v7-m/nofp\libg.a(lib_a-mprec.o)
                0x08006168                __mcmp
 .text.__mdiff  0x080061a4      0x150 c:/gcc-arm-none-eabi-9/bin/../lib/gcc/arm-none-eabi/9.3.1/../../../../arm-none-eabi/lib/thumb/v7-m/nofp\libg.a(lib_a-mprec.o)
                0x080061a4                __mdiff
 .text.__d2b    0x080062f4       0xc4 c:/gcc-arm-none-eabi-9/bin/../lib/gcc/arm-none-eabi/9.3.1/../../../../arm-none-eabi/lib/thumb/v7-m/nofp\libg.a(lib_a-mprec.o)
                0x080062f4                __d2b
 .text.frexp    0x080063b8       0x70 c:/gcc-arm-none-eabi-9/bin/../lib/gcc/arm-none-eabi/9.3.1/../../../../arm-none-eabi/lib/thumb/v7-m/nofp\libg.a(lib_a-s_frexp.o)
                0x080063b8                frexp
 .text._sbrk_r  0x08006428       0x24 c:/gcc-arm-none-eabi-9/bin/../lib/gcc/arm-none-eabi/9.3.1/../../../../arm-none-eabi/lib/thumb/v7-m/nofp\libg.a(lib_a-sbrkr.o)
                0x08006428                _sbrk_r
 .text.__sread  0x0800644c       0x24 c:/gcc-arm-none-eabi-9/bin/../lib/gcc/arm-none-eabi/9.3.1/../../../../arm-none-eabi/lib/thumb/v7-m/nofp\libg.a(lib_a-stdio.o)
                0x0800644c                __sread
 .text.__swrite
                0x08006470       0x40 c:/gcc-arm-none-eabi-9/bin/../lib/gcc/arm-none-eabi/9.3.1/../../../../arm-none-eabi/lib/thumb/v7-m/nofp\libg.a(lib_a-stdio.o)
                0x08006470                __swrite
 .text.__sseek  0x080064b0       0x20 c:/gcc-arm-none-eabi-9/bin/../lib/gcc/arm-none-eabi/9.3.1/../../../../arm-none-eabi/lib/thumb/v7-m/nofp\libg.a(lib_a-stdio.o)
                0x080064b0                __sseek
 .text.__sclose
                0x080064d0        0x8 c:/gcc-arm-none-eabi-9/bin/../lib/gcc/arm-none-eabi/9.3.1/../../../../arm-none-eabi/lib/thumb/v7-m/nofp\libg.a(lib_a-stdio.o)
                0x080064d0                __sclose
 .text.strlen   0x080064d8       0x5c c:/gcc-arm-none-eabi-9/bin/../lib/gcc/arm-none-eabi/9.3.1/../../../../arm-none-eabi/lib/thumb/v7-m/nofp\libg.a(lib_a-strlen-stub.o)
                0x080064d8                strlen
 .text.strncpy  0x08006534       0x68 c:/gcc-arm-none-eabi-9/bin/../lib/gcc/arm-none-eabi/9.3.1/../../../../arm-none-eabi/lib/thumb/v7-m/nofp\libg.a(lib_a-strncpy.o)
                0x08006534                strncpy
 .text.__sprint_r.part.0
                0x0800659c       0x78 c:/gcc-arm-none-eabi-9/bin/../lib/gcc/arm-none-eabi/9.3.1/../../../../arm-none-eabi/lib/thumb/v7-m/nofp\libg.a(lib_a-vfiprintf.o)
 .text.__sprint_r
                0x08006614       0x14 c:/gcc-arm-none-eabi-9/bin/../lib/gcc/arm-none-eabi/9.3.1/../../../../arm-none-eabi/lib/thumb/v7-m/nofp\libg.a(lib_a-vfiprintf.o)
                0x08006614                __sprint_r
 .text._vfiprintf_r
                0x08006628      0xd2c c:/gcc-arm-none-eabi-9/bin/../lib/gcc/arm-none-eabi/9.3.1/../../../../arm-none-eabi/lib/thumb/v7-m/nofp\libg.a(lib_a-vfiprintf.o)
                0x08006628                _vfiprintf_r
 .text.__sbprintf
                0x08007354       0x88 c:/gcc-arm-none-eabi-9/bin/../lib/gcc/arm-none-eabi/9.3.1/../../../../arm-none-eabi/lib/thumb/v7-m/nofp\libg.a(lib_a-vfiprintf.o)
 .text._write_r
                0x080073dc       0x2c c:/gcc-arm-none-eabi-9/bin/../lib/gcc/arm-none-eabi/9.3.1/../../../../arm-none-eabi/lib/thumb/v7-m/nofp\libg.a(lib_a-writer.o)
                0x080073dc                _write_r
 .text.__register_exitproc
                0x08007408       0x8c c:/gcc-arm-none-eabi-9/bin/../lib/gcc/arm-none-eabi/9.3.1/../../../../arm-none-eabi/lib/thumb/v7-m/nofp\libg.a(lib_a-__atexit.o)
                0x08007408                __register_exitproc
 .text.__assert_func
                0x08007494       0x3c c:/gcc-arm-none-eabi-9/bin/../lib/gcc/arm-none-eabi/9.3.1/../../../../arm-none-eabi/lib/thumb/v7-m/nofp\libg.a(lib_a-assert.o)
                0x08007494                __assert_func
 .text._calloc_r
                0x080074d0       0x60 c:/gcc-arm-none-eabi-9/bin/../lib/gcc/arm-none-eabi/9.3.1/../../../../arm-none-eabi/lib/thumb/v7-m/nofp\libg.a(lib_a-callocr.o)
                0x080074d0                _calloc_r
 .text._close_r
                0x08007530       0x24 c:/gcc-arm-none-eabi-9/bin/../lib/gcc/arm-none-eabi/9.3.1/../../../../arm-none-eabi/lib/thumb/v7-m/nofp\libg.a(lib_a-closer.o)
                0x08007530                _close_r
 .text._fclose_r
                0x08007554       0xcc c:/gcc-arm-none-eabi-9/bin/../lib/gcc/arm-none-eabi/9.3.1/../../../../arm-none-eabi/lib/thumb/v7-m/nofp\libg.a(lib_a-fclose.o)
                0x08007554                _fclose_r
 .text.fiprintf
                0x08007620       0x28 c:/gcc-arm-none-eabi-9/bin/../lib/gcc/arm-none-eabi/9.3.1/../../../../arm-none-eabi/lib/thumb/v7-m/nofp\libg.a(lib_a-fiprintf.o)
                0x08007620                fiprintf
 .text.__fputwc
                0x08007648       0xa0 c:/gcc-arm-none-eabi-9/bin/../lib/gcc/arm-none-eabi/9.3.1/../../../../arm-none-eabi/lib/thumb/v7-m/nofp\libg.a(lib_a-fputwc.o)
                0x08007648                __fputwc
 .text._fputwc_r
                0x080076e8       0x68 c:/gcc-arm-none-eabi-9/bin/../lib/gcc/arm-none-eabi/9.3.1/../../../../arm-none-eabi/lib/thumb/v7-m/nofp\libg.a(lib_a-fputwc.o)
                0x080076e8                _fputwc_r
 .text._fstat_r
                0x08007750       0x2c c:/gcc-arm-none-eabi-9/bin/../lib/gcc/arm-none-eabi/9.3.1/../../../../arm-none-eabi/lib/thumb/v7-m/nofp\libg.a(lib_a-fstatr.o)
                0x08007750                _fstat_r
 .text.__sfvwrite_r
                0x0800777c      0x2ec c:/gcc-arm-none-eabi-9/bin/../lib/gcc/arm-none-eabi/9.3.1/../../../../arm-none-eabi/lib/thumb/v7-m/nofp\libg.a(lib_a-fvwrite.o)
                0x0800777c                __sfvwrite_r
 .text._isatty_r
                0x08007a68       0x24 c:/gcc-arm-none-eabi-9/bin/../lib/gcc/arm-none-eabi/9.3.1/../../../../arm-none-eabi/lib/thumb/v7-m/nofp\libg.a(lib_a-isattyr.o)
                0x08007a68                _isatty_r
 .text.__locale_mb_cur_max
                0x08007a8c        0xc c:/gcc-arm-none-eabi-9/bin/../lib/gcc/arm-none-eabi/9.3.1/../../../../arm-none-eabi/lib/thumb/v7-m/nofp\libg.a(lib_a-locale.o)
                0x08007a8c                __locale_mb_cur_max
 .text._lseek_r
                0x08007a98       0x2c c:/gcc-arm-none-eabi-9/bin/../lib/gcc/arm-none-eabi/9.3.1/../../../../arm-none-eabi/lib/thumb/v7-m/nofp\libg.a(lib_a-lseekr.o)
                0x08007a98                _lseek_r
 .text.__ascii_mbtowc
                0x08007ac4       0x2c c:/gcc-arm-none-eabi-9/bin/../lib/gcc/arm-none-eabi/9.3.1/../../../../arm-none-eabi/lib/thumb/v7-m/nofp\libg.a(lib_a-mbtowc_r.o)
                0x08007ac4                __ascii_mbtowc
 .text.memmove  0x08007af0       0xd4 c:/gcc-arm-none-eabi-9/bin/../lib/gcc/arm-none-eabi/9.3.1/../../../../arm-none-eabi/lib/thumb/v7-m/nofp\libg.a(lib_a-memmove.o)
                0x08007af0                memmove
 .text._read_r  0x08007bc4       0x2c c:/gcc-arm-none-eabi-9/bin/../lib/gcc/arm-none-eabi/9.3.1/../../../../arm-none-eabi/lib/thumb/v7-m/nofp\libg.a(lib_a-readr.o)
                0x08007bc4                _read_r
 .text._realloc_r
                0x08007bf0      0x3e0 c:/gcc-arm-none-eabi-9/bin/../lib/gcc/arm-none-eabi/9.3.1/../../../../arm-none-eabi/lib/thumb/v7-m/nofp\libg.a(lib_a-reallocr.o)
                0x08007bf0                _realloc_r
 .text.__swbuf_r
                0x08007fd0       0xb0 c:/gcc-arm-none-eabi-9/bin/../lib/gcc/arm-none-eabi/9.3.1/../../../../arm-none-eabi/lib/thumb/v7-m/nofp\libg.a(lib_a-wbuf.o)
                0x08007fd0                __swbuf_r
 .text._wcrtomb_r
                0x08008080       0x3c c:/gcc-arm-none-eabi-9/bin/../lib/gcc/arm-none-eabi/9.3.1/../../../../arm-none-eabi/lib/thumb/v7-m/nofp\libg.a(lib_a-wcrtomb.o)
                0x08008080                _wcrtomb_r
 .text.__ascii_wctomb
                0x080080bc       0x1c c:/gcc-arm-none-eabi-9/bin/../lib/gcc/arm-none-eabi/9.3.1/../../../../arm-none-eabi/lib/thumb/v7-m/nofp\libg.a(lib_a-wctomb_r.o)
                0x080080bc                __ascii_wctomb
 .text.abort    0x080080d8       0x10 c:/gcc-arm-none-eabi-9/bin/../lib/gcc/arm-none-eabi/9.3.1/../../../../arm-none-eabi/lib/thumb/v7-m/nofp\libg.a(lib_a-abort.o)
                0x080080d8                abort
 .text._raise_r
                0x080080e8       0x58 c:/gcc-arm-none-eabi-9/bin/../lib/gcc/arm-none-eabi/9.3.1/../../../../arm-none-eabi/lib/thumb/v7-m/nofp\libg.a(lib_a-signal.o)
                0x080080e8                _raise_r
 .text.raise    0x08008140       0x10 c:/gcc-arm-none-eabi-9/bin/../lib/gcc/arm-none-eabi/9.3.1/../../../../arm-none-eabi/lib/thumb/v7-m/nofp\libg.a(lib_a-signal.o)
                0x08008140                raise
 .text._kill_r  0x08008150       0x2c c:/gcc-arm-none-eabi-9/bin/../lib/gcc/arm-none-eabi/9.3.1/../../../../arm-none-eabi/lib/thumb/v7-m/nofp\libg.a(lib_a-signalr.o)
                0x08008150                _kill_r
 .text._getpid_r
                0x0800817c        0x4 c:/gcc-arm-none-eabi-9/bin/../lib/gcc/arm-none-eabi/9.3.1/../../../../arm-none-eabi/lib/thumb/v7-m/nofp\libg.a(lib_a-signalr.o)
                0x0800817c                _getpid_r
 *(.glue_7)
 .glue_7        0x08008180        0x0 linker stubs
 *(.glue_7t)
 .glue_7t       0x08008180        0x0 linker stubs
 *(.eh_frame)
 .eh_frame      0x08008180        0x0 c:/gcc-arm-none-eabi-9/bin/../lib/gcc/arm-none-eabi/9.3.1/thumb/v7-m/nofp/crtbegin.o
 *(.init)
 .init          0x08008180        0x4 c:/gcc-arm-none-eabi-9/bin/../lib/gcc/arm-none-eabi/9.3.1/thumb/v7-m/nofp/crti.o
                0x08008180                _init
 .init          0x08008184        0x8 c:/gcc-arm-none-eabi-9/bin/../lib/gcc/arm-none-eabi/9.3.1/thumb/v7-m/nofp/crtn.o
 *(.fini)
 .fini          0x0800818c        0x4 c:/gcc-arm-none-eabi-9/bin/../lib/gcc/arm-none-eabi/9.3.1/thumb/v7-m/nofp/crti.o
                0x0800818c                _fini
 .fini          0x08008190        0x8 c:/gcc-arm-none-eabi-9/bin/../lib/gcc/arm-none-eabi/9.3.1/thumb/v7-m/nofp/crtn.o
                0x08008198                . = ALIGN (0x4)
                0x08008198                _etext = .

.vfp11_veneer   0x08008198        0x0
 .vfp11_veneer  0x08008198        0x0 linker stubs

.v4_bx          0x08008198        0x0
 .v4_bx         0x08008198        0x0 linker stubs

.iplt           0x08008198        0x0
 .iplt          0x08008198        0x0 c:/gcc-arm-none-eabi-9/bin/../lib/gcc/arm-none-eabi/9.3.1/thumb/v7-m/nofp/crtbegin.o

.rodata         0x08008198      0x438
                0x08008198                . = ALIGN (0x4)
 *(.rodata)
 *(.rodata*)
 .rodata.main.str1.4
                0x08008198        0xd CMakeFiles/stm32.elf.dir/Core/Src/main.c.obj
 *fill*         0x080081a5        0x3 
 .rodata.AHBPrescTable
                0x080081a8       0x10 CMakeFiles/stm32.elf.dir/Core/Src/system_stm32f1xx.c.obj
                0x080081a8                AHBPrescTable
 .rodata.APBPrescTable
                0x080081b8        0x8 CMakeFiles/stm32.elf.dir/Core/Src/system_stm32f1xx.c.obj
                0x080081b8                APBPrescTable
 .rodata.HAL_RCC_GetSysClockFreq.str1.4
                0x080081c0       0x11 CMakeFiles/stm32.elf.dir/Drivers/STM32F1xx_HAL_Driver/Src/stm32f1xx_hal_rcc.c.obj
 *fill*         0x080081d1        0x3 
 .rodata._global_impure_ptr
                0x080081d4        0x4 c:/gcc-arm-none-eabi-9/bin/../lib/gcc/arm-none-eabi/9.3.1/../../../../arm-none-eabi/lib/thumb/v7-m/nofp\libg.a(lib_a-impure.o)
                0x080081d4                _global_impure_ptr
 .rodata._vfprintf_r.str1.4
                0x080081d8       0x42 c:/gcc-arm-none-eabi-9/bin/../lib/gcc/arm-none-eabi/9.3.1/../../../../arm-none-eabi/lib/thumb/v7-m/nofp\libg.a(lib_a-vfprintf.o)
 *fill*         0x0800821a        0x2 
 .rodata.blanks.7350
                0x0800821c       0x10 c:/gcc-arm-none-eabi-9/bin/../lib/gcc/arm-none-eabi/9.3.1/../../../../arm-none-eabi/lib/thumb/v7-m/nofp\libg.a(lib_a-vfprintf.o)
 .rodata.zeroes.7351
                0x0800822c       0x10 c:/gcc-arm-none-eabi-9/bin/../lib/gcc/arm-none-eabi/9.3.1/../../../../arm-none-eabi/lib/thumb/v7-m/nofp\libg.a(lib_a-vfprintf.o)
 .rodata._dtoa_r.str1.4
                0x0800823c       0xa0 c:/gcc-arm-none-eabi-9/bin/../lib/gcc/arm-none-eabi/9.3.1/../../../../arm-none-eabi/lib/thumb/v7-m/nofp\libg.a(lib_a-dtoa.o)
                                 0xa4 (size before relaxing)
 .rodata.__multadd.str1.4
                0x080082dc       0x7d c:/gcc-arm-none-eabi-9/bin/../lib/gcc/arm-none-eabi/9.3.1/../../../../arm-none-eabi/lib/thumb/v7-m/nofp\libg.a(lib_a-mprec.o)
                                 0x91 (size before relaxing)
 *fill*         0x08008359        0x7 
 .rodata.__mprec_bigtens
                0x08008360       0x28 c:/gcc-arm-none-eabi-9/bin/../lib/gcc/arm-none-eabi/9.3.1/../../../../arm-none-eabi/lib/thumb/v7-m/nofp\libg.a(lib_a-mprec.o)
                0x08008360                __mprec_bigtens
 .rodata.__mprec_tens
                0x08008388       0xc8 c:/gcc-arm-none-eabi-9/bin/../lib/gcc/arm-none-eabi/9.3.1/../../../../arm-none-eabi/lib/thumb/v7-m/nofp\libg.a(lib_a-mprec.o)
                0x08008388                __mprec_tens
 .rodata.p05.6122
                0x08008450        0xc c:/gcc-arm-none-eabi-9/bin/../lib/gcc/arm-none-eabi/9.3.1/../../../../arm-none-eabi/lib/thumb/v7-m/nofp\libg.a(lib_a-mprec.o)
 .rodata._vfiprintf_r.str1.4
                0x0800845c       0x2f c:/gcc-arm-none-eabi-9/bin/../lib/gcc/arm-none-eabi/9.3.1/../../../../arm-none-eabi/lib/thumb/v7-m/nofp\libg.a(lib_a-vfiprintf.o)
 .rodata.blanks.7328
                0x0800845c       0x10 c:/gcc-arm-none-eabi-9/bin/../lib/gcc/arm-none-eabi/9.3.1/../../../../arm-none-eabi/lib/thumb/v7-m/nofp\libg.a(lib_a-vfiprintf.o)
 .rodata.zeroes.7329
                0x0800846c       0x10 c:/gcc-arm-none-eabi-9/bin/../lib/gcc/arm-none-eabi/9.3.1/../../../../arm-none-eabi/lib/thumb/v7-m/nofp\libg.a(lib_a-vfiprintf.o)
 .rodata.__assert_func.str1.4
                0x0800847c       0x3f c:/gcc-arm-none-eabi-9/bin/../lib/gcc/arm-none-eabi/9.3.1/../../../../arm-none-eabi/lib/thumb/v7-m/nofp\libg.a(lib_a-assert.o)
                                 0x43 (size before relaxing)
 *fill*         0x080084bb        0x1 
 .rodata._setlocale_r.str1.4
                0x080084bc        0xa c:/gcc-arm-none-eabi-9/bin/../lib/gcc/arm-none-eabi/9.3.1/../../../../arm-none-eabi/lib/thumb/v7-m/nofp\libg.a(lib_a-locale.o)
                                  0xd (size before relaxing)
 *fill*         0x080084c6        0x2 
 .rodata.str1.4
                0x080084c8        0x2 c:/gcc-arm-none-eabi-9/bin/../lib/gcc/arm-none-eabi/9.3.1/../../../../arm-none-eabi/lib/thumb/v7-m/nofp\libg.a(lib_a-locale.o)
 *fill*         0x080084ca        0x2 
 .rodata._ctype_
                0x080084cc      0x101 c:/gcc-arm-none-eabi-9/bin/../lib/gcc/arm-none-eabi/9.3.1/../../../../arm-none-eabi/lib/thumb/v7-m/nofp\libg.a(lib_a-ctype_.o)
                0x080084cc                _ctype_
                0x080085d0                . = ALIGN (0x4)
 *fill*         0x080085cd        0x3 

.ARM.extab
 *(.ARM.extab* .gnu.linkonce.armextab.*)

.ARM            0x080085d0        0x8
                0x080085d0                __exidx_start = .
 *(.ARM.exidx*)
 .ARM.exidx     0x080085d0        0x8 c:/gcc-arm-none-eabi-9/bin/../lib/gcc/arm-none-eabi/9.3.1/thumb/v7-m/nofp\libgcc.a(_udivmoddi4.o)
                0x080085d8                __exidx_end = .

.rel.dyn        0x080085d8        0x0
 .rel.iplt      0x080085d8        0x0 c:/gcc-arm-none-eabi-9/bin/../lib/gcc/arm-none-eabi/9.3.1/thumb/v7-m/nofp/crtbegin.o

.preinit_array  0x080085d8        0x0
                0x080085d8                PROVIDE (__preinit_array_start = .)
 *(.preinit_array*)
                0x080085d8                PROVIDE (__preinit_array_end = .)

.init_array     0x080085d8        0x8
                0x080085d8                PROVIDE (__init_array_start = .)
 *(SORT_BY_NAME(.init_array.*))
 .init_array.00000
                0x080085d8        0x4 c:/gcc-arm-none-eabi-9/bin/../lib/gcc/arm-none-eabi/9.3.1/../../../../arm-none-eabi/lib/thumb/v7-m/nofp\libg.a(lib_a-__call_atexit.o)
 *(.init_array*)
 .init_array    0x080085dc        0x4 c:/gcc-arm-none-eabi-9/bin/../lib/gcc/arm-none-eabi/9.3.1/thumb/v7-m/nofp/crtbegin.o
                0x080085e0                PROVIDE (__init_array_end = .)

.fini_array     0x080085e0        0x4
                0x080085e0                PROVIDE (__fini_array_start = .)
 *(SORT_BY_NAME(.fini_array.*))
 *(.fini_array*)
 .fini_array    0x080085e0        0x4 c:/gcc-arm-none-eabi-9/bin/../lib/gcc/arm-none-eabi/9.3.1/thumb/v7-m/nofp/crtbegin.o
                0x080085e4                PROVIDE (__fini_array_end = .)
                0x080085e4                _sidata = LOADADDR (.data)

.data           0x20000000      0x9b8 load address 0x080085e4
                0x20000000                . = ALIGN (0x4)
                0x20000000                _sdata = .
 *(.data)
 *(.data*)
 .data.SystemCoreClock
                0x20000000        0x4 CMakeFiles/stm32.elf.dir/Core/Src/system_stm32f1xx.c.obj
                0x20000000                SystemCoreClock
 .data.uwTickFreq
                0x20000004        0x1 CMakeFiles/stm32.elf.dir/Drivers/STM32F1xx_HAL_Driver/Src/stm32f1xx_hal.c.obj
                0x20000004                uwTickFreq
 *fill*         0x20000005        0x3 
 .data.uwTickPrio
                0x20000008        0x4 CMakeFiles/stm32.elf.dir/Drivers/STM32F1xx_HAL_Driver/Src/stm32f1xx_hal.c.obj
                0x20000008                uwTickPrio
 .data._impure_ptr
                0x2000000c        0x4 c:/gcc-arm-none-eabi-9/bin/../lib/gcc/arm-none-eabi/9.3.1/../../../../arm-none-eabi/lib/thumb/v7-m/nofp\libg.a(lib_a-impure.o)
                0x2000000c                _impure_ptr
 .data.impure_data
                0x20000010      0x428 c:/gcc-arm-none-eabi-9/bin/../lib/gcc/arm-none-eabi/9.3.1/../../../../arm-none-eabi/lib/thumb/v7-m/nofp\libg.a(lib_a-impure.o)
 .data.__atexit_recursive_mutex
                0x20000438        0x4 c:/gcc-arm-none-eabi-9/bin/../lib/gcc/arm-none-eabi/9.3.1/../../../../arm-none-eabi/lib/thumb/v7-m/nofp\libg.a(lib_a-__call_atexit.o)
                0x20000438                __atexit_recursive_mutex
 .data.__malloc_av_
                0x2000043c      0x408 c:/gcc-arm-none-eabi-9/bin/../lib/gcc/arm-none-eabi/9.3.1/../../../../arm-none-eabi/lib/thumb/v7-m/nofp\libg.a(lib_a-mallocr.o)
                0x2000043c                __malloc_av_
 .data.__malloc_sbrk_base
                0x20000844        0x4 c:/gcc-arm-none-eabi-9/bin/../lib/gcc/arm-none-eabi/9.3.1/../../../../arm-none-eabi/lib/thumb/v7-m/nofp\libg.a(lib_a-mallocr.o)
                0x20000844                __malloc_sbrk_base
 .data.__malloc_trim_threshold
                0x20000848        0x4 c:/gcc-arm-none-eabi-9/bin/../lib/gcc/arm-none-eabi/9.3.1/../../../../arm-none-eabi/lib/thumb/v7-m/nofp\libg.a(lib_a-mallocr.o)
                0x20000848                __malloc_trim_threshold
 .data.__global_locale
                0x2000084c      0x16c c:/gcc-arm-none-eabi-9/bin/../lib/gcc/arm-none-eabi/9.3.1/../../../../arm-none-eabi/lib/thumb/v7-m/nofp\libg.a(lib_a-locale.o)
                0x2000084c                __global_locale
                0x200009b8                . = ALIGN (0x4)
                0x200009b8                _edata = .

.igot.plt       0x200009b8        0x0 load address 0x08008f9c
 .igot.plt      0x200009b8        0x0 c:/gcc-arm-none-eabi-9/bin/../lib/gcc/arm-none-eabi/9.3.1/thumb/v7-m/nofp/crtbegin.o
                0x200009b8                . = ALIGN (0x4)

.bss            0x200009b8       0xc4 load address 0x08008f9c
                0x200009b8                _sbss = .
                0x200009b8                __bss_start__ = _sbss
 *(.bss)
 .bss           0x200009b8       0x1c c:/gcc-arm-none-eabi-9/bin/../lib/gcc/arm-none-eabi/9.3.1/thumb/v7-m/nofp/crtbegin.o
 *(.bss*)
 .bss.gHuart    0x200009d4        0x4 CMakeFiles/stm32.elf.dir/APP/retarget.c.obj
                0x200009d4                gHuart
 .bss.heap_end.6022
                0x200009d8        0x4 CMakeFiles/stm32.elf.dir/Core/Src/syscalls.c.obj
 .bss.huart1    0x200009dc       0x40 CMakeFiles/stm32.elf.dir/Core/Src/usart.c.obj
                0x200009dc                huart1
 .bss.uwTick    0x20000a1c        0x4 CMakeFiles/stm32.elf.dir/Drivers/STM32F1xx_HAL_Driver/Src/stm32f1xx_hal.c.obj
                0x20000a1c                uwTick
 .bss.__malloc_current_mallinfo
                0x20000a20       0x28 c:/gcc-arm-none-eabi-9/bin/../lib/gcc/arm-none-eabi/9.3.1/../../../../arm-none-eabi/lib/thumb/v7-m/nofp\libg.a(lib_a-mallocr.o)
                0x20000a20                __malloc_current_mallinfo
 .bss.__malloc_max_sbrked_mem
                0x20000a48        0x4 c:/gcc-arm-none-eabi-9/bin/../lib/gcc/arm-none-eabi/9.3.1/../../../../arm-none-eabi/lib/thumb/v7-m/nofp\libg.a(lib_a-mallocr.o)
                0x20000a48                __malloc_max_sbrked_mem
 .bss.__malloc_max_total_mem
                0x20000a4c        0x4 c:/gcc-arm-none-eabi-9/bin/../lib/gcc/arm-none-eabi/9.3.1/../../../../arm-none-eabi/lib/thumb/v7-m/nofp\libg.a(lib_a-mallocr.o)
                0x20000a4c                __malloc_max_total_mem
 .bss.__malloc_top_pad
                0x20000a50        0x4 c:/gcc-arm-none-eabi-9/bin/../lib/gcc/arm-none-eabi/9.3.1/../../../../arm-none-eabi/lib/thumb/v7-m/nofp\libg.a(lib_a-mallocr.o)
                0x20000a50                __malloc_top_pad
 *(COMMON)
 COMMON         0x20000a54       0x21 c:/gcc-arm-none-eabi-9/bin/../lib/gcc/arm-none-eabi/9.3.1/../../../../arm-none-eabi/lib/thumb/v7-m/nofp\libg.a(lib_a-lock.o)
                0x20000a54                __lock___atexit_recursive_mutex
                0x20000a58                __lock___arc4random_mutex
                0x20000a5c                __lock___env_recursive_mutex
                0x20000a60                __lock___sinit_recursive_mutex
                0x20000a64                __lock___malloc_recursive_mutex
                0x20000a68                __lock___at_quick_exit_mutex
                0x20000a6c                __lock___dd_hash_mutex
                0x20000a70                __lock___tz_mutex
                0x20000a74                __lock___sfp_recursive_mutex
 *fill*         0x20000a75        0x3 
 COMMON         0x20000a78        0x4 c:/gcc-arm-none-eabi-9/bin/../lib/gcc/arm-none-eabi/9.3.1/../../../../arm-none-eabi/lib/thumb/v7-m/nofp\libg.a(lib_a-reent.o)
                0x20000a78                errno
                0x20000a7c                . = ALIGN (0x4)
                0x20000a7c                _ebss = .
                0x20000a7c                __bss_end__ = _ebss

._user_heap_stack
                0x20000a7c      0x804 load address 0x08008f9c
                0x20000a80                . = ALIGN (0x8)
 *fill*         0x20000a7c        0x4 
                0x20000a80                PROVIDE (end = .)
                [!provide]                PROVIDE (_end = .)
                0x20000e80                . = (. + _Min_Heap_Size)
 *fill*         0x20000a80      0x400 
                0x20001280                . = (. + _Min_Stack_Size)
 *fill*         0x20000e80      0x400 
                0x20001280                . = ALIGN (0x8)

/DISCARD/
 libc.a(*)
 libm.a(*)
 libgcc.a(*)

.ARM.attributes
                0x00000000       0x29
 *(.ARM.attributes)
 .ARM.attributes
                0x00000000       0x1d c:/gcc-arm-none-eabi-9/bin/../lib/gcc/arm-none-eabi/9.3.1/thumb/v7-m/nofp/crti.o
 .ARM.attributes
                0x0000001d       0x2d c:/gcc-arm-none-eabi-9/bin/../lib/gcc/arm-none-eabi/9.3.1/thumb/v7-m/nofp/crtbegin.o
 .ARM.attributes
                0x0000004a       0x2d CMakeFiles/stm32.elf.dir/APP/retarget.c.obj
 .ARM.attributes
                0x00000077       0x2d CMakeFiles/stm32.elf.dir/Core/Src/gpio.c.obj
 .ARM.attributes
                0x000000a4       0x2d CMakeFiles/stm32.elf.dir/Core/Src/main.c.obj
 .ARM.attributes
                0x000000d1       0x2d CMakeFiles/stm32.elf.dir/Core/Src/stm32f1xx_hal_msp.c.obj
 .ARM.attributes
                0x000000fe       0x2d CMakeFiles/stm32.elf.dir/Core/Src/stm32f1xx_it.c.obj
 .ARM.attributes
                0x0000012b       0x2d CMakeFiles/stm32.elf.dir/Core/Src/syscalls.c.obj
 .ARM.attributes
                0x00000158       0x2d CMakeFiles/stm32.elf.dir/Core/Src/system_stm32f1xx.c.obj
 .ARM.attributes
                0x00000185       0x2d CMakeFiles/stm32.elf.dir/Core/Src/usart.c.obj
 .ARM.attributes
                0x000001b2       0x2d CMakeFiles/stm32.elf.dir/Drivers/STM32F1xx_HAL_Driver/Src/stm32f1xx_hal.c.obj
 .ARM.attributes
                0x000001df       0x2d CMakeFiles/stm32.elf.dir/Drivers/STM32F1xx_HAL_Driver/Src/stm32f1xx_hal_cortex.c.obj
 .ARM.attributes
                0x0000020c       0x2d CMakeFiles/stm32.elf.dir/Drivers/STM32F1xx_HAL_Driver/Src/stm32f1xx_hal_gpio.c.obj
 .ARM.attributes
                0x00000239       0x2d CMakeFiles/stm32.elf.dir/Drivers/STM32F1xx_HAL_Driver/Src/stm32f1xx_hal_rcc.c.obj
 .ARM.attributes
                0x00000266       0x2d CMakeFiles/stm32.elf.dir/Drivers/STM32F1xx_HAL_Driver/Src/stm32f1xx_hal_uart.c.obj
 .ARM.attributes
                0x00000293       0x21 CMakeFiles/stm32.elf.dir/startup/startup_stm32f103xe.s.obj
 .ARM.attributes
                0x000002b4       0x2d c:/gcc-arm-none-eabi-9/bin/../lib/gcc/arm-none-eabi/9.3.1/../../../../arm-none-eabi/lib/thumb/v7-m/nofp\libg.a(lib_a-errno.o)
 .ARM.attributes
                0x000002e1       0x2d c:/gcc-arm-none-eabi-9/bin/../lib/gcc/arm-none-eabi/9.3.1/../../../../arm-none-eabi/lib/thumb/v7-m/nofp\libg.a(lib_a-impure.o)
 .ARM.attributes
                0x0000030e       0x2d c:/gcc-arm-none-eabi-9/bin/../lib/gcc/arm-none-eabi/9.3.1/../../../../arm-none-eabi/lib/thumb/v7-m/nofp\libg.a(lib_a-init.o)
 .ARM.attributes
                0x0000033b       0x2d c:/gcc-arm-none-eabi-9/bin/../lib/gcc/arm-none-eabi/9.3.1/../../../../arm-none-eabi/lib/thumb/v7-m/nofp\libg.a(lib_a-memset.o)
 .ARM.attributes
                0x00000368       0x2d c:/gcc-arm-none-eabi-9/bin/../lib/gcc/arm-none-eabi/9.3.1/../../../../arm-none-eabi/lib/thumb/v7-m/nofp\libg.a(lib_a-printf.o)
 .ARM.attributes
                0x00000395       0x2d c:/gcc-arm-none-eabi-9/bin/../lib/gcc/arm-none-eabi/9.3.1/../../../../arm-none-eabi/lib/thumb/v7-m/nofp\libg.a(lib_a-setvbuf.o)
 .ARM.attributes
                0x000003c2       0x2d c:/gcc-arm-none-eabi-9/bin/../lib/gcc/arm-none-eabi/9.3.1/../../../../arm-none-eabi/lib/thumb/v7-m/nofp\libg.a(lib_a-vfprintf.o)
 .ARM.attributes
                0x000003ef       0x2d c:/gcc-arm-none-eabi-9/bin/../lib/gcc/arm-none-eabi/9.3.1/../../../../arm-none-eabi/lib/thumb/v7-m/nofp\libg.a(lib_a-wsetup.o)
 .ARM.attributes
                0x0000041c       0x2d c:/gcc-arm-none-eabi-9/bin/../lib/gcc/arm-none-eabi/9.3.1/../../../../arm-none-eabi/lib/thumb/v7-m/nofp\libg.a(lib_a-__call_atexit.o)
 .ARM.attributes
                0x00000449       0x2d c:/gcc-arm-none-eabi-9/bin/../lib/gcc/arm-none-eabi/9.3.1/../../../../arm-none-eabi/lib/thumb/v7-m/nofp\libg.a(lib_a-atexit.o)
 .ARM.attributes
                0x00000476       0x2d c:/gcc-arm-none-eabi-9/bin/../lib/gcc/arm-none-eabi/9.3.1/../../../../arm-none-eabi/lib/thumb/v7-m/nofp\libg.a(lib_a-dtoa.o)
 .ARM.attributes
                0x000004a3       0x2d c:/gcc-arm-none-eabi-9/bin/../lib/gcc/arm-none-eabi/9.3.1/../../../../arm-none-eabi/lib/thumb/v7-m/nofp\libg.a(lib_a-fflush.o)
 .ARM.attributes
                0x000004d0       0x2d c:/gcc-arm-none-eabi-9/bin/../lib/gcc/arm-none-eabi/9.3.1/../../../../arm-none-eabi/lib/thumb/v7-m/nofp\libg.a(lib_a-findfp.o)
 .ARM.attributes
                0x000004fd       0x2d c:/gcc-arm-none-eabi-9/bin/../lib/gcc/arm-none-eabi/9.3.1/../../../../arm-none-eabi/lib/thumb/v7-m/nofp\libg.a(lib_a-fini.o)
 .ARM.attributes
                0x0000052a       0x2d c:/gcc-arm-none-eabi-9/bin/../lib/gcc/arm-none-eabi/9.3.1/../../../../arm-none-eabi/lib/thumb/v7-m/nofp\libg.a(lib_a-freer.o)
 .ARM.attributes
                0x00000557       0x2d c:/gcc-arm-none-eabi-9/bin/../lib/gcc/arm-none-eabi/9.3.1/../../../../arm-none-eabi/lib/thumb/v7-m/nofp\libg.a(lib_a-fwalk.o)
 .ARM.attributes
                0x00000584       0x2d c:/gcc-arm-none-eabi-9/bin/../lib/gcc/arm-none-eabi/9.3.1/../../../../arm-none-eabi/lib/thumb/v7-m/nofp\libg.a(lib_a-localeconv.o)
 .ARM.attributes
                0x000005b1       0x2d c:/gcc-arm-none-eabi-9/bin/../lib/gcc/arm-none-eabi/9.3.1/../../../../arm-none-eabi/lib/thumb/v7-m/nofp\libg.a(lib_a-lock.o)
 .ARM.attributes
                0x000005de       0x2d c:/gcc-arm-none-eabi-9/bin/../lib/gcc/arm-none-eabi/9.3.1/../../../../arm-none-eabi/lib/thumb/v7-m/nofp\libg.a(lib_a-makebuf.o)
 .ARM.attributes
                0x0000060b       0x2d c:/gcc-arm-none-eabi-9/bin/../lib/gcc/arm-none-eabi/9.3.1/../../../../arm-none-eabi/lib/thumb/v7-m/nofp\libg.a(lib_a-malloc.o)
 .ARM.attributes
                0x00000638       0x2d c:/gcc-arm-none-eabi-9/bin/../lib/gcc/arm-none-eabi/9.3.1/../../../../arm-none-eabi/lib/thumb/v7-m/nofp\libg.a(lib_a-mallocr.o)
 .ARM.attributes
                0x00000665       0x2d c:/gcc-arm-none-eabi-9/bin/../lib/gcc/arm-none-eabi/9.3.1/../../../../arm-none-eabi/lib/thumb/v7-m/nofp\libg.a(lib_a-memchr-stub.o)
 .ARM.attributes
                0x00000692       0x1b c:/gcc-arm-none-eabi-9/bin/../lib/gcc/arm-none-eabi/9.3.1/../../../../arm-none-eabi/lib/thumb/v7-m/nofp\libg.a(lib_a-memcpy.o)
 .ARM.attributes
                0x000006ad       0x2d c:/gcc-arm-none-eabi-9/bin/../lib/gcc/arm-none-eabi/9.3.1/../../../../arm-none-eabi/lib/thumb/v7-m/nofp\libg.a(lib_a-mlock.o)
 .ARM.attributes
                0x000006da       0x2d c:/gcc-arm-none-eabi-9/bin/../lib/gcc/arm-none-eabi/9.3.1/../../../../arm-none-eabi/lib/thumb/v7-m/nofp\libg.a(lib_a-mprec.o)
 .ARM.attributes
                0x00000707       0x2d c:/gcc-arm-none-eabi-9/bin/../lib/gcc/arm-none-eabi/9.3.1/../../../../arm-none-eabi/lib/thumb/v7-m/nofp\libg.a(lib_a-s_frexp.o)
 .ARM.attributes
                0x00000734       0x2d c:/gcc-arm-none-eabi-9/bin/../lib/gcc/arm-none-eabi/9.3.1/../../../../arm-none-eabi/lib/thumb/v7-m/nofp\libg.a(lib_a-sbrkr.o)
 .ARM.attributes
                0x00000761       0x2d c:/gcc-arm-none-eabi-9/bin/../lib/gcc/arm-none-eabi/9.3.1/../../../../arm-none-eabi/lib/thumb/v7-m/nofp\libg.a(lib_a-stdio.o)
 .ARM.attributes
                0x0000078e       0x2d c:/gcc-arm-none-eabi-9/bin/../lib/gcc/arm-none-eabi/9.3.1/../../../../arm-none-eabi/lib/thumb/v7-m/nofp\libg.a(lib_a-strlen-stub.o)
 .ARM.attributes
                0x000007bb       0x2d c:/gcc-arm-none-eabi-9/bin/../lib/gcc/arm-none-eabi/9.3.1/../../../../arm-none-eabi/lib/thumb/v7-m/nofp\libg.a(lib_a-strncpy.o)
 .ARM.attributes
                0x000007e8       0x2d c:/gcc-arm-none-eabi-9/bin/../lib/gcc/arm-none-eabi/9.3.1/../../../../arm-none-eabi/lib/thumb/v7-m/nofp\libg.a(lib_a-vfiprintf.o)
 .ARM.attributes
                0x00000815       0x2d c:/gcc-arm-none-eabi-9/bin/../lib/gcc/arm-none-eabi/9.3.1/../../../../arm-none-eabi/lib/thumb/v7-m/nofp\libg.a(lib_a-writer.o)
 .ARM.attributes
                0x00000842       0x2d c:/gcc-arm-none-eabi-9/bin/../lib/gcc/arm-none-eabi/9.3.1/../../../../arm-none-eabi/lib/thumb/v7-m/nofp\libg.a(lib_a-__atexit.o)
 .ARM.attributes
                0x0000086f       0x2d c:/gcc-arm-none-eabi-9/bin/../lib/gcc/arm-none-eabi/9.3.1/../../../../arm-none-eabi/lib/thumb/v7-m/nofp\libg.a(lib_a-assert.o)
 .ARM.attributes
                0x0000089c       0x2d c:/gcc-arm-none-eabi-9/bin/../lib/gcc/arm-none-eabi/9.3.1/../../../../arm-none-eabi/lib/thumb/v7-m/nofp\libg.a(lib_a-callocr.o)
 .ARM.attributes
                0x000008c9       0x2d c:/gcc-arm-none-eabi-9/bin/../lib/gcc/arm-none-eabi/9.3.1/../../../../arm-none-eabi/lib/thumb/v7-m/nofp\libg.a(lib_a-closer.o)
 .ARM.attributes
                0x000008f6       0x2d c:/gcc-arm-none-eabi-9/bin/../lib/gcc/arm-none-eabi/9.3.1/../../../../arm-none-eabi/lib/thumb/v7-m/nofp\libg.a(lib_a-fclose.o)
 .ARM.attributes
                0x00000923       0x2d c:/gcc-arm-none-eabi-9/bin/../lib/gcc/arm-none-eabi/9.3.1/../../../../arm-none-eabi/lib/thumb/v7-m/nofp\libg.a(lib_a-fiprintf.o)
 .ARM.attributes
                0x00000950       0x2d c:/gcc-arm-none-eabi-9/bin/../lib/gcc/arm-none-eabi/9.3.1/../../../../arm-none-eabi/lib/thumb/v7-m/nofp\libg.a(lib_a-fputwc.o)
 .ARM.attributes
                0x0000097d       0x2d c:/gcc-arm-none-eabi-9/bin/../lib/gcc/arm-none-eabi/9.3.1/../../../../arm-none-eabi/lib/thumb/v7-m/nofp\libg.a(lib_a-fstatr.o)
 .ARM.attributes
                0x000009aa       0x2d c:/gcc-arm-none-eabi-9/bin/../lib/gcc/arm-none-eabi/9.3.1/../../../../arm-none-eabi/lib/thumb/v7-m/nofp\libg.a(lib_a-fvwrite.o)
 .ARM.attributes
                0x000009d7       0x2d c:/gcc-arm-none-eabi-9/bin/../lib/gcc/arm-none-eabi/9.3.1/../../../../arm-none-eabi/lib/thumb/v7-m/nofp\libg.a(lib_a-isattyr.o)
 .ARM.attributes
                0x00000a04       0x2d c:/gcc-arm-none-eabi-9/bin/../lib/gcc/arm-none-eabi/9.3.1/../../../../arm-none-eabi/lib/thumb/v7-m/nofp\libg.a(lib_a-locale.o)
 .ARM.attributes
                0x00000a31       0x2d c:/gcc-arm-none-eabi-9/bin/../lib/gcc/arm-none-eabi/9.3.1/../../../../arm-none-eabi/lib/thumb/v7-m/nofp\libg.a(lib_a-lseekr.o)
 .ARM.attributes
                0x00000a5e       0x2d c:/gcc-arm-none-eabi-9/bin/../lib/gcc/arm-none-eabi/9.3.1/../../../../arm-none-eabi/lib/thumb/v7-m/nofp\libg.a(lib_a-mbtowc_r.o)
 .ARM.attributes
                0x00000a8b       0x2d c:/gcc-arm-none-eabi-9/bin/../lib/gcc/arm-none-eabi/9.3.1/../../../../arm-none-eabi/lib/thumb/v7-m/nofp\libg.a(lib_a-memmove.o)
 .ARM.attributes
                0x00000ab8       0x2d c:/gcc-arm-none-eabi-9/bin/../lib/gcc/arm-none-eabi/9.3.1/../../../../arm-none-eabi/lib/thumb/v7-m/nofp\libg.a(lib_a-readr.o)
 .ARM.attributes
                0x00000ae5       0x2d c:/gcc-arm-none-eabi-9/bin/../lib/gcc/arm-none-eabi/9.3.1/../../../../arm-none-eabi/lib/thumb/v7-m/nofp\libg.a(lib_a-reallocr.o)
 .ARM.attributes
                0x00000b12       0x2d c:/gcc-arm-none-eabi-9/bin/../lib/gcc/arm-none-eabi/9.3.1/../../../../arm-none-eabi/lib/thumb/v7-m/nofp\libg.a(lib_a-reent.o)
 .ARM.attributes
                0x00000b3f       0x2d c:/gcc-arm-none-eabi-9/bin/../lib/gcc/arm-none-eabi/9.3.1/../../../../arm-none-eabi/lib/thumb/v7-m/nofp\libg.a(lib_a-wbuf.o)
 .ARM.attributes
                0x00000b6c       0x2d c:/gcc-arm-none-eabi-9/bin/../lib/gcc/arm-none-eabi/9.3.1/../../../../arm-none-eabi/lib/thumb/v7-m/nofp\libg.a(lib_a-wcrtomb.o)
 .ARM.attributes
                0x00000b99       0x2d c:/gcc-arm-none-eabi-9/bin/../lib/gcc/arm-none-eabi/9.3.1/../../../../arm-none-eabi/lib/thumb/v7-m/nofp\libg.a(lib_a-wctomb_r.o)
 .ARM.attributes
                0x00000bc6       0x2d c:/gcc-arm-none-eabi-9/bin/../lib/gcc/arm-none-eabi/9.3.1/../../../../arm-none-eabi/lib/thumb/v7-m/nofp\libg.a(lib_a-abort.o)
 .ARM.attributes
                0x00000bf3       0x2d c:/gcc-arm-none-eabi-9/bin/../lib/gcc/arm-none-eabi/9.3.1/../../../../arm-none-eabi/lib/thumb/v7-m/nofp\libg.a(lib_a-ctype_.o)
 .ARM.attributes
                0x00000c20       0x2d c:/gcc-arm-none-eabi-9/bin/../lib/gcc/arm-none-eabi/9.3.1/../../../../arm-none-eabi/lib/thumb/v7-m/nofp\libg.a(lib_a-signal.o)
 .ARM.attributes
                0x00000c4d       0x2d c:/gcc-arm-none-eabi-9/bin/../lib/gcc/arm-none-eabi/9.3.1/../../../../arm-none-eabi/lib/thumb/v7-m/nofp\libg.a(lib_a-signalr.o)
 .ARM.attributes
                0x00000c7a       0x1d c:/gcc-arm-none-eabi-9/bin/../lib/gcc/arm-none-eabi/9.3.1/thumb/v7-m/nofp\libgcc.a(_arm_addsubdf3.o)
 .ARM.attributes
                0x00000c97       0x1d c:/gcc-arm-none-eabi-9/bin/../lib/gcc/arm-none-eabi/9.3.1/thumb/v7-m/nofp\libgcc.a(_arm_muldivdf3.o)
 .ARM.attributes
                0x00000cb4       0x1d c:/gcc-arm-none-eabi-9/bin/../lib/gcc/arm-none-eabi/9.3.1/thumb/v7-m/nofp\libgcc.a(_arm_cmpdf2.o)
 .ARM.attributes
                0x00000cd1       0x1d c:/gcc-arm-none-eabi-9/bin/../lib/gcc/arm-none-eabi/9.3.1/thumb/v7-m/nofp\libgcc.a(_arm_unorddf2.o)
 .ARM.attributes
                0x00000cee       0x1d c:/gcc-arm-none-eabi-9/bin/../lib/gcc/arm-none-eabi/9.3.1/thumb/v7-m/nofp\libgcc.a(_arm_fixdfsi.o)
 .ARM.attributes
                0x00000d0b       0x1d c:/gcc-arm-none-eabi-9/bin/../lib/gcc/arm-none-eabi/9.3.1/thumb/v7-m/nofp\libgcc.a(_aeabi_uldivmod.o)
 .ARM.attributes
                0x00000d28       0x2d c:/gcc-arm-none-eabi-9/bin/../lib/gcc/arm-none-eabi/9.3.1/thumb/v7-m/nofp\libgcc.a(_udivmoddi4.o)
 .ARM.attributes
                0x00000d55       0x1d c:/gcc-arm-none-eabi-9/bin/../lib/gcc/arm-none-eabi/9.3.1/thumb/v7-m/nofp\libgcc.a(_dvmd_tls.o)
 .ARM.attributes
                0x00000d72       0x1d c:/gcc-arm-none-eabi-9/bin/../lib/gcc/arm-none-eabi/9.3.1/thumb/v7-m/nofp/crtn.o
OUTPUT(stm32.elf elf32-littlearm)
LOAD linker stubs
LOAD c:/gcc-arm-none-eabi-9/bin/../lib/gcc/arm-none-eabi/9.3.1/../../../../arm-none-eabi/lib/thumb/v7-m/nofp\libc.a
LOAD c:/gcc-arm-none-eabi-9/bin/../lib/gcc/arm-none-eabi/9.3.1/../../../../arm-none-eabi/lib/thumb/v7-m/nofp\libm.a
LOAD c:/gcc-arm-none-eabi-9/bin/../lib/gcc/arm-none-eabi/9.3.1/thumb/v7-m/nofp\libgcc.a

.debug_info     0x00000000     0x8ca8
 .debug_info    0x00000000     0x13d0 CMakeFiles/stm32.elf.dir/APP/retarget.c.obj
 .debug_info    0x000013d0      0x3c5 CMakeFiles/stm32.elf.dir/Core/Src/gpio.c.obj
 .debug_info    0x00001795     0x11e4 CMakeFiles/stm32.elf.dir/Core/Src/main.c.obj
 .debug_info    0x00002979      0x2fd CMakeFiles/stm32.elf.dir/Core/Src/stm32f1xx_hal_msp.c.obj
 .debug_info    0x00002c76      0x239 CMakeFiles/stm32.elf.dir/Core/Src/stm32f1xx_it.c.obj
 .debug_info    0x00002eaf      0xfcf CMakeFiles/stm32.elf.dir/Core/Src/syscalls.c.obj
 .debug_info    0x00003e7e      0x2c9 CMakeFiles/stm32.elf.dir/Core/Src/system_stm32f1xx.c.obj
 .debug_info    0x00004147      0x8dd CMakeFiles/stm32.elf.dir/Core/Src/usart.c.obj
 .debug_info    0x00004a24      0x897 CMakeFiles/stm32.elf.dir/Drivers/STM32F1xx_HAL_Driver/Src/stm32f1xx_hal.c.obj
 .debug_info    0x000052bb      0xeac CMakeFiles/stm32.elf.dir/Drivers/STM32F1xx_HAL_Driver/Src/stm32f1xx_hal_cortex.c.obj
 .debug_info    0x00006167      0x75b CMakeFiles/stm32.elf.dir/Drivers/STM32F1xx_HAL_Driver/Src/stm32f1xx_hal_gpio.c.obj
 .debug_info    0x000068c2      0xaab CMakeFiles/stm32.elf.dir/Drivers/STM32F1xx_HAL_Driver/Src/stm32f1xx_hal_rcc.c.obj
 .debug_info    0x0000736d     0x1919 CMakeFiles/stm32.elf.dir/Drivers/STM32F1xx_HAL_Driver/Src/stm32f1xx_hal_uart.c.obj
 .debug_info    0x00008c86       0x22 CMakeFiles/stm32.elf.dir/startup/startup_stm32f103xe.s.obj

.debug_abbrev   0x00000000     0x1c12
 .debug_abbrev  0x00000000      0x2cc CMakeFiles/stm32.elf.dir/APP/retarget.c.obj
 .debug_abbrev  0x000002cc      0x17b CMakeFiles/stm32.elf.dir/Core/Src/gpio.c.obj
 .debug_abbrev  0x00000447      0x2a3 CMakeFiles/stm32.elf.dir/Core/Src/main.c.obj
 .debug_abbrev  0x000006ea      0x12e CMakeFiles/stm32.elf.dir/Core/Src/stm32f1xx_hal_msp.c.obj
 .debug_abbrev  0x00000818       0xef CMakeFiles/stm32.elf.dir/Core/Src/stm32f1xx_it.c.obj
 .debug_abbrev  0x00000907      0x308 CMakeFiles/stm32.elf.dir/Core/Src/syscalls.c.obj
 .debug_abbrev  0x00000c0f      0x151 CMakeFiles/stm32.elf.dir/Core/Src/system_stm32f1xx.c.obj
 .debug_abbrev  0x00000d60      0x1ed CMakeFiles/stm32.elf.dir/Core/Src/usart.c.obj
 .debug_abbrev  0x00000f4d      0x219 CMakeFiles/stm32.elf.dir/Drivers/STM32F1xx_HAL_Driver/Src/stm32f1xx_hal.c.obj
 .debug_abbrev  0x00001166      0x367 CMakeFiles/stm32.elf.dir/Drivers/STM32F1xx_HAL_Driver/Src/stm32f1xx_hal_cortex.c.obj
 .debug_abbrev  0x000014cd      0x213 CMakeFiles/stm32.elf.dir/Drivers/STM32F1xx_HAL_Driver/Src/stm32f1xx_hal_gpio.c.obj
 .debug_abbrev  0x000016e0      0x28d CMakeFiles/stm32.elf.dir/Drivers/STM32F1xx_HAL_Driver/Src/stm32f1xx_hal_rcc.c.obj
 .debug_abbrev  0x0000196d      0x293 CMakeFiles/stm32.elf.dir/Drivers/STM32F1xx_HAL_Driver/Src/stm32f1xx_hal_uart.c.obj
 .debug_abbrev  0x00001c00       0x12 CMakeFiles/stm32.elf.dir/startup/startup_stm32f103xe.s.obj

.debug_loc      0x00000000     0x3495
 .debug_loc     0x00000000      0x389 CMakeFiles/stm32.elf.dir/APP/retarget.c.obj
 .debug_loc     0x00000389       0x15 CMakeFiles/stm32.elf.dir/Core/Src/stm32f1xx_hal_msp.c.obj
 .debug_loc     0x0000039e      0x358 CMakeFiles/stm32.elf.dir/Core/Src/syscalls.c.obj
 .debug_loc     0x000006f6       0xff CMakeFiles/stm32.elf.dir/Core/Src/system_stm32f1xx.c.obj
 .debug_loc     0x000007f5       0x84 CMakeFiles/stm32.elf.dir/Core/Src/usart.c.obj
 .debug_loc     0x00000879      0x141 CMakeFiles/stm32.elf.dir/Drivers/STM32F1xx_HAL_Driver/Src/stm32f1xx_hal.c.obj
 .debug_loc     0x000009ba      0x71f CMakeFiles/stm32.elf.dir/Drivers/STM32F1xx_HAL_Driver/Src/stm32f1xx_hal_cortex.c.obj
 .debug_loc     0x000010d9      0x45b CMakeFiles/stm32.elf.dir/Drivers/STM32F1xx_HAL_Driver/Src/stm32f1xx_hal_gpio.c.obj
 .debug_loc     0x00001534      0x610 CMakeFiles/stm32.elf.dir/Drivers/STM32F1xx_HAL_Driver/Src/stm32f1xx_hal_rcc.c.obj
 .debug_loc     0x00001b44     0x1951 CMakeFiles/stm32.elf.dir/Drivers/STM32F1xx_HAL_Driver/Src/stm32f1xx_hal_uart.c.obj

.debug_aranges  0x00000000      0x648
 .debug_aranges
                0x00000000       0x50 CMakeFiles/stm32.elf.dir/APP/retarget.c.obj
 .debug_aranges
                0x00000050       0x20 CMakeFiles/stm32.elf.dir/Core/Src/gpio.c.obj
 .debug_aranges
                0x00000070       0x30 CMakeFiles/stm32.elf.dir/Core/Src/main.c.obj
 .debug_aranges
                0x000000a0       0x20 CMakeFiles/stm32.elf.dir/Core/Src/stm32f1xx_hal_msp.c.obj
 .debug_aranges
                0x000000c0       0x60 CMakeFiles/stm32.elf.dir/Core/Src/stm32f1xx_it.c.obj
 .debug_aranges
                0x00000120       0x80 CMakeFiles/stm32.elf.dir/Core/Src/syscalls.c.obj
 .debug_aranges
                0x000001a0       0x28 CMakeFiles/stm32.elf.dir/Core/Src/system_stm32f1xx.c.obj
 .debug_aranges
                0x000001c8       0x30 CMakeFiles/stm32.elf.dir/Core/Src/usart.c.obj
 .debug_aranges
                0x000001f8       0xe0 CMakeFiles/stm32.elf.dir/Drivers/STM32F1xx_HAL_Driver/Src/stm32f1xx_hal.c.obj
 .debug_aranges
                0x000002d8       0x90 CMakeFiles/stm32.elf.dir/Drivers/STM32F1xx_HAL_Driver/Src/stm32f1xx_hal_cortex.c.obj
 .debug_aranges
                0x00000368       0x58 CMakeFiles/stm32.elf.dir/Drivers/STM32F1xx_HAL_Driver/Src/stm32f1xx_hal_gpio.c.obj
 .debug_aranges
                0x000003c0       0x90 CMakeFiles/stm32.elf.dir/Drivers/STM32F1xx_HAL_Driver/Src/stm32f1xx_hal_rcc.c.obj
 .debug_aranges
                0x00000450      0x1d0 CMakeFiles/stm32.elf.dir/Drivers/STM32F1xx_HAL_Driver/Src/stm32f1xx_hal_uart.c.obj
 .debug_aranges
                0x00000620       0x28 CMakeFiles/stm32.elf.dir/startup/startup_stm32f103xe.s.obj

.debug_ranges   0x00000000      0x5f0
 .debug_ranges  0x00000000       0x40 CMakeFiles/stm32.elf.dir/APP/retarget.c.obj
 .debug_ranges  0x00000040       0x10 CMakeFiles/stm32.elf.dir/Core/Src/gpio.c.obj
 .debug_ranges  0x00000050       0x20 CMakeFiles/stm32.elf.dir/Core/Src/main.c.obj
 .debug_ranges  0x00000070       0x10 CMakeFiles/stm32.elf.dir/Core/Src/stm32f1xx_hal_msp.c.obj
 .debug_ranges  0x00000080       0x50 CMakeFiles/stm32.elf.dir/Core/Src/stm32f1xx_it.c.obj
 .debug_ranges  0x000000d0       0x70 CMakeFiles/stm32.elf.dir/Core/Src/syscalls.c.obj
 .debug_ranges  0x00000140       0x18 CMakeFiles/stm32.elf.dir/Core/Src/system_stm32f1xx.c.obj
 .debug_ranges  0x00000158       0x20 CMakeFiles/stm32.elf.dir/Core/Src/usart.c.obj
 .debug_ranges  0x00000178       0xd0 CMakeFiles/stm32.elf.dir/Drivers/STM32F1xx_HAL_Driver/Src/stm32f1xx_hal.c.obj
 .debug_ranges  0x00000248       0xe0 CMakeFiles/stm32.elf.dir/Drivers/STM32F1xx_HAL_Driver/Src/stm32f1xx_hal_cortex.c.obj
 .debug_ranges  0x00000328       0x48 CMakeFiles/stm32.elf.dir/Drivers/STM32F1xx_HAL_Driver/Src/stm32f1xx_hal_gpio.c.obj
 .debug_ranges  0x00000370       0xa0 CMakeFiles/stm32.elf.dir/Drivers/STM32F1xx_HAL_Driver/Src/stm32f1xx_hal_rcc.c.obj
 .debug_ranges  0x00000410      0x1c0 CMakeFiles/stm32.elf.dir/Drivers/STM32F1xx_HAL_Driver/Src/stm32f1xx_hal_uart.c.obj
 .debug_ranges  0x000005d0       0x20 CMakeFiles/stm32.elf.dir/startup/startup_stm32f103xe.s.obj

.debug_line     0x00000000     0x5537
 .debug_line    0x00000000      0x47b CMakeFiles/stm32.elf.dir/APP/retarget.c.obj
 .debug_line    0x0000047b      0x231 CMakeFiles/stm32.elf.dir/Core/Src/gpio.c.obj
 .debug_line    0x000006ac      0x44a CMakeFiles/stm32.elf.dir/Core/Src/main.c.obj
 .debug_line    0x00000af6      0x203 CMakeFiles/stm32.elf.dir/Core/Src/stm32f1xx_hal_msp.c.obj
 .debug_line    0x00000cf9      0x2bc CMakeFiles/stm32.elf.dir/Core/Src/stm32f1xx_it.c.obj
 .debug_line    0x00000fb5      0x422 CMakeFiles/stm32.elf.dir/Core/Src/syscalls.c.obj
 .debug_line    0x000013d7      0x2b6 CMakeFiles/stm32.elf.dir/Core/Src/system_stm32f1xx.c.obj
 .debug_line    0x0000168d      0x36f CMakeFiles/stm32.elf.dir/Core/Src/usart.c.obj
 .debug_line    0x000019fc      0x546 CMakeFiles/stm32.elf.dir/Drivers/STM32F1xx_HAL_Driver/Src/stm32f1xx_hal.c.obj
 .debug_line    0x00001f42      0x69c CMakeFiles/stm32.elf.dir/Drivers/STM32F1xx_HAL_Driver/Src/stm32f1xx_hal_cortex.c.obj
 .debug_line    0x000025de      0x659 CMakeFiles/stm32.elf.dir/Drivers/STM32F1xx_HAL_Driver/Src/stm32f1xx_hal_gpio.c.obj
 .debug_line    0x00002c37      0xc63 CMakeFiles/stm32.elf.dir/Drivers/STM32F1xx_HAL_Driver/Src/stm32f1xx_hal_rcc.c.obj
 .debug_line    0x0000389a     0x1c08 CMakeFiles/stm32.elf.dir/Drivers/STM32F1xx_HAL_Driver/Src/stm32f1xx_hal_uart.c.obj
 .debug_line    0x000054a2       0x95 CMakeFiles/stm32.elf.dir/startup/startup_stm32f103xe.s.obj

.debug_str      0x00000000     0x2423
 .debug_str     0x00000000      0xb15 CMakeFiles/stm32.elf.dir/APP/retarget.c.obj
                                0xc28 (size before relaxing)
 .debug_str     0x00000b15       0xfd CMakeFiles/stm32.elf.dir/Core/Src/gpio.c.obj
                                0x388 (size before relaxing)
 .debug_str     0x00000c12      0x1cf CMakeFiles/stm32.elf.dir/Core/Src/main.c.obj
                                0xc30 (size before relaxing)
 .debug_str     0x00000de1       0x72 CMakeFiles/stm32.elf.dir/Core/Src/stm32f1xx_hal_msp.c.obj
                                0x32a (size before relaxing)
 .debug_str     0x00000e53       0xcf CMakeFiles/stm32.elf.dir/Core/Src/stm32f1xx_it.c.obj
                                0x341 (size before relaxing)
 .debug_str     0x00000f22      0x121 CMakeFiles/stm32.elf.dir/Core/Src/syscalls.c.obj
                                0x81c (size before relaxing)
 .debug_str     0x00001043       0x6a CMakeFiles/stm32.elf.dir/Core/Src/system_stm32f1xx.c.obj
                                0x321 (size before relaxing)
 .debug_str     0x000010ad       0x79 CMakeFiles/stm32.elf.dir/Core/Src/usart.c.obj
                                0x76c (size before relaxing)
 .debug_str     0x00001126      0x652 CMakeFiles/stm32.elf.dir/Drivers/STM32F1xx_HAL_Driver/Src/stm32f1xx_hal.c.obj
                                0x982 (size before relaxing)
 .debug_str     0x00001778      0x3d3 CMakeFiles/stm32.elf.dir/Drivers/STM32F1xx_HAL_Driver/Src/stm32f1xx_hal_cortex.c.obj
                                0xa9e (size before relaxing)
 .debug_str     0x00001b4b      0x11f CMakeFiles/stm32.elf.dir/Drivers/STM32F1xx_HAL_Driver/Src/stm32f1xx_hal_gpio.c.obj
                                0x50b (size before relaxing)
 .debug_str     0x00001c6a      0x20c CMakeFiles/stm32.elf.dir/Drivers/STM32F1xx_HAL_Driver/Src/stm32f1xx_hal_rcc.c.obj
                                0x6ed (size before relaxing)
 .debug_str     0x00001e76      0x566 CMakeFiles/stm32.elf.dir/Drivers/STM32F1xx_HAL_Driver/Src/stm32f1xx_hal_uart.c.obj
                                0xc9b (size before relaxing)
 .debug_str     0x000023dc       0x47 CMakeFiles/stm32.elf.dir/startup/startup_stm32f103xe.s.obj
                                 0x74 (size before relaxing)

.comment        0x00000000       0x4c
 .comment       0x00000000       0x4c CMakeFiles/stm32.elf.dir/APP/retarget.c.obj
                                 0x4d (size before relaxing)
 .comment       0x0000004c       0x4d CMakeFiles/stm32.elf.dir/Core/Src/gpio.c.obj
 .comment       0x0000004c       0x4d CMakeFiles/stm32.elf.dir/Core/Src/main.c.obj
 .comment       0x0000004c       0x4d CMakeFiles/stm32.elf.dir/Core/Src/stm32f1xx_hal_msp.c.obj
 .comment       0x0000004c       0x4d CMakeFiles/stm32.elf.dir/Core/Src/stm32f1xx_it.c.obj
 .comment       0x0000004c       0x4d CMakeFiles/stm32.elf.dir/Core/Src/syscalls.c.obj
 .comment       0x0000004c       0x4d CMakeFiles/stm32.elf.dir/Core/Src/system_stm32f1xx.c.obj
 .comment       0x0000004c       0x4d CMakeFiles/stm32.elf.dir/Core/Src/usart.c.obj
 .comment       0x0000004c       0x4d CMakeFiles/stm32.elf.dir/Drivers/STM32F1xx_HAL_Driver/Src/stm32f1xx_hal.c.obj
 .comment       0x0000004c       0x4d CMakeFiles/stm32.elf.dir/Drivers/STM32F1xx_HAL_Driver/Src/stm32f1xx_hal_cortex.c.obj
 .comment       0x0000004c       0x4d CMakeFiles/stm32.elf.dir/Drivers/STM32F1xx_HAL_Driver/Src/stm32f1xx_hal_gpio.c.obj
 .comment       0x0000004c       0x4d CMakeFiles/stm32.elf.dir/Drivers/STM32F1xx_HAL_Driver/Src/stm32f1xx_hal_rcc.c.obj
 .comment       0x0000004c       0x4d CMakeFiles/stm32.elf.dir/Drivers/STM32F1xx_HAL_Driver/Src/stm32f1xx_hal_uart.c.obj

.debug_frame    0x00000000     0x240c
 .debug_frame   0x00000000       0xb8 CMakeFiles/stm32.elf.dir/APP/retarget.c.obj
 .debug_frame   0x000000b8       0x30 CMakeFiles/stm32.elf.dir/Core/Src/gpio.c.obj
 .debug_frame   0x000000e8       0x58 CMakeFiles/stm32.elf.dir/Core/Src/main.c.obj
 .debug_frame   0x00000140       0x28 CMakeFiles/stm32.elf.dir/Core/Src/stm32f1xx_hal_msp.c.obj
 .debug_frame   0x00000168       0xa8 CMakeFiles/stm32.elf.dir/Core/Src/stm32f1xx_it.c.obj
 .debug_frame   0x00000210      0x130 CMakeFiles/stm32.elf.dir/Core/Src/syscalls.c.obj
 .debug_frame   0x00000340       0x30 CMakeFiles/stm32.elf.dir/Core/Src/system_stm32f1xx.c.obj
 .debug_frame   0x00000370       0x60 CMakeFiles/stm32.elf.dir/Core/Src/usart.c.obj
 .debug_frame   0x000003d0      0x1cc CMakeFiles/stm32.elf.dir/Drivers/STM32F1xx_HAL_Driver/Src/stm32f1xx_hal.c.obj
 .debug_frame   0x0000059c      0x12c CMakeFiles/stm32.elf.dir/Drivers/STM32F1xx_HAL_Driver/Src/stm32f1xx_hal_cortex.c.obj
 .debug_frame   0x000006c8       0xe8 CMakeFiles/stm32.elf.dir/Drivers/STM32F1xx_HAL_Driver/Src/stm32f1xx_hal_gpio.c.obj
 .debug_frame   0x000007b0      0x190 CMakeFiles/stm32.elf.dir/Drivers/STM32F1xx_HAL_Driver/Src/stm32f1xx_hal_rcc.c.obj
 .debug_frame   0x00000940      0x4e8 CMakeFiles/stm32.elf.dir/Drivers/STM32F1xx_HAL_Driver/Src/stm32f1xx_hal_uart.c.obj
 .debug_frame   0x00000e28       0x20 c:/gcc-arm-none-eabi-9/bin/../lib/gcc/arm-none-eabi/9.3.1/../../../../arm-none-eabi/lib/thumb/v7-m/nofp\libg.a(lib_a-errno.o)
 .debug_frame   0x00000e48       0x2c c:/gcc-arm-none-eabi-9/bin/../lib/gcc/arm-none-eabi/9.3.1/../../../../arm-none-eabi/lib/thumb/v7-m/nofp\libg.a(lib_a-init.o)
 .debug_frame   0x00000e74       0x38 c:/gcc-arm-none-eabi-9/bin/../lib/gcc/arm-none-eabi/9.3.1/../../../../arm-none-eabi/lib/thumb/v7-m/nofp\libg.a(lib_a-memset.o)
 .debug_frame   0x00000eac       0x74 c:/gcc-arm-none-eabi-9/bin/../lib/gcc/arm-none-eabi/9.3.1/../../../../arm-none-eabi/lib/thumb/v7-m/nofp\libg.a(lib_a-printf.o)
 .debug_frame   0x00000f20       0x48 c:/gcc-arm-none-eabi-9/bin/../lib/gcc/arm-none-eabi/9.3.1/../../../../arm-none-eabi/lib/thumb/v7-m/nofp\libg.a(lib_a-setvbuf.o)
 .debug_frame   0x00000f68       0x8c c:/gcc-arm-none-eabi-9/bin/../lib/gcc/arm-none-eabi/9.3.1/../../../../arm-none-eabi/lib/thumb/v7-m/nofp\libg.a(lib_a-vfprintf.o)
 .debug_frame   0x00000ff4       0x2c c:/gcc-arm-none-eabi-9/bin/../lib/gcc/arm-none-eabi/9.3.1/../../../../arm-none-eabi/lib/thumb/v7-m/nofp\libg.a(lib_a-wsetup.o)
 .debug_frame   0x00001020       0x5c c:/gcc-arm-none-eabi-9/bin/../lib/gcc/arm-none-eabi/9.3.1/../../../../arm-none-eabi/lib/thumb/v7-m/nofp\libg.a(lib_a-__call_atexit.o)
 .debug_frame   0x0000107c       0x20 c:/gcc-arm-none-eabi-9/bin/../lib/gcc/arm-none-eabi/9.3.1/../../../../arm-none-eabi/lib/thumb/v7-m/nofp\libg.a(lib_a-atexit.o)
 .debug_frame   0x0000109c       0x8c c:/gcc-arm-none-eabi-9/bin/../lib/gcc/arm-none-eabi/9.3.1/../../../../arm-none-eabi/lib/thumb/v7-m/nofp\libg.a(lib_a-dtoa.o)
 .debug_frame   0x00001128       0x5c c:/gcc-arm-none-eabi-9/bin/../lib/gcc/arm-none-eabi/9.3.1/../../../../arm-none-eabi/lib/thumb/v7-m/nofp\libg.a(lib_a-fflush.o)
 .debug_frame   0x00001184      0x154 c:/gcc-arm-none-eabi-9/bin/../lib/gcc/arm-none-eabi/9.3.1/../../../../arm-none-eabi/lib/thumb/v7-m/nofp\libg.a(lib_a-findfp.o)
 .debug_frame   0x000012d8       0x34 c:/gcc-arm-none-eabi-9/bin/../lib/gcc/arm-none-eabi/9.3.1/../../../../arm-none-eabi/lib/thumb/v7-m/nofp\libg.a(lib_a-fini.o)
 .debug_frame   0x0000130c       0x8c c:/gcc-arm-none-eabi-9/bin/../lib/gcc/arm-none-eabi/9.3.1/../../../../arm-none-eabi/lib/thumb/v7-m/nofp\libg.a(lib_a-freer.o)
 .debug_frame   0x00001398       0x54 c:/gcc-arm-none-eabi-9/bin/../lib/gcc/arm-none-eabi/9.3.1/../../../../arm-none-eabi/lib/thumb/v7-m/nofp\libg.a(lib_a-fwalk.o)
 .debug_frame   0x000013ec       0x40 c:/gcc-arm-none-eabi-9/bin/../lib/gcc/arm-none-eabi/9.3.1/../../../../arm-none-eabi/lib/thumb/v7-m/nofp\libg.a(lib_a-localeconv.o)
 .debug_frame   0x0000142c       0xb0 c:/gcc-arm-none-eabi-9/bin/../lib/gcc/arm-none-eabi/9.3.1/../../../../arm-none-eabi/lib/thumb/v7-m/nofp\libg.a(lib_a-lock.o)
 .debug_frame   0x000014dc       0x6c c:/gcc-arm-none-eabi-9/bin/../lib/gcc/arm-none-eabi/9.3.1/../../../../arm-none-eabi/lib/thumb/v7-m/nofp\libg.a(lib_a-makebuf.o)
 .debug_frame   0x00001548       0x30 c:/gcc-arm-none-eabi-9/bin/../lib/gcc/arm-none-eabi/9.3.1/../../../../arm-none-eabi/lib/thumb/v7-m/nofp\libg.a(lib_a-malloc.o)
 .debug_frame   0x00001578       0x4c c:/gcc-arm-none-eabi-9/bin/../lib/gcc/arm-none-eabi/9.3.1/../../../../arm-none-eabi/lib/thumb/v7-m/nofp\libg.a(lib_a-mallocr.o)
 .debug_frame   0x000015c4       0x44 c:/gcc-arm-none-eabi-9/bin/../lib/gcc/arm-none-eabi/9.3.1/../../../../arm-none-eabi/lib/thumb/v7-m/nofp\libg.a(lib_a-memchr-stub.o)
 .debug_frame   0x00001608       0x30 c:/gcc-arm-none-eabi-9/bin/../lib/gcc/arm-none-eabi/9.3.1/../../../../arm-none-eabi/lib/thumb/v7-m/nofp\libg.a(lib_a-mlock.o)
 .debug_frame   0x00001638      0x260 c:/gcc-arm-none-eabi-9/bin/../lib/gcc/arm-none-eabi/9.3.1/../../../../arm-none-eabi/lib/thumb/v7-m/nofp\libg.a(lib_a-mprec.o)
 .debug_frame   0x00001898       0x30 c:/gcc-arm-none-eabi-9/bin/../lib/gcc/arm-none-eabi/9.3.1/../../../../arm-none-eabi/lib/thumb/v7-m/nofp\libg.a(lib_a-s_frexp.o)
 .debug_frame   0x000018c8       0x2c c:/gcc-arm-none-eabi-9/bin/../lib/gcc/arm-none-eabi/9.3.1/../../../../arm-none-eabi/lib/thumb/v7-m/nofp\libg.a(lib_a-sbrkr.o)
 .debug_frame   0x000018f4       0x8c c:/gcc-arm-none-eabi-9/bin/../lib/gcc/arm-none-eabi/9.3.1/../../../../arm-none-eabi/lib/thumb/v7-m/nofp\libg.a(lib_a-stdio.o)
 .debug_frame   0x00001980       0x20 c:/gcc-arm-none-eabi-9/bin/../lib/gcc/arm-none-eabi/9.3.1/../../../../arm-none-eabi/lib/thumb/v7-m/nofp\libg.a(lib_a-strlen-stub.o)
 .debug_frame   0x000019a0       0x38 c:/gcc-arm-none-eabi-9/bin/../lib/gcc/arm-none-eabi/9.3.1/../../../../arm-none-eabi/lib/thumb/v7-m/nofp\libg.a(lib_a-strncpy.o)
 .debug_frame   0x000019d8       0xd0 c:/gcc-arm-none-eabi-9/bin/../lib/gcc/arm-none-eabi/9.3.1/../../../../arm-none-eabi/lib/thumb/v7-m/nofp\libg.a(lib_a-vfiprintf.o)
 .debug_frame   0x00001aa8       0x30 c:/gcc-arm-none-eabi-9/bin/../lib/gcc/arm-none-eabi/9.3.1/../../../../arm-none-eabi/lib/thumb/v7-m/nofp\libg.a(lib_a-writer.o)
 .debug_frame   0x00001ad8       0x34 c:/gcc-arm-none-eabi-9/bin/../lib/gcc/arm-none-eabi/9.3.1/../../../../arm-none-eabi/lib/thumb/v7-m/nofp\libg.a(lib_a-__atexit.o)
 .debug_frame   0x00001b0c       0x40 c:/gcc-arm-none-eabi-9/bin/../lib/gcc/arm-none-eabi/9.3.1/../../../../arm-none-eabi/lib/thumb/v7-m/nofp\libg.a(lib_a-assert.o)
 .debug_frame   0x00001b4c       0x28 c:/gcc-arm-none-eabi-9/bin/../lib/gcc/arm-none-eabi/9.3.1/../../../../arm-none-eabi/lib/thumb/v7-m/nofp\libg.a(lib_a-callocr.o)
 .debug_frame   0x00001b74       0x2c c:/gcc-arm-none-eabi-9/bin/../lib/gcc/arm-none-eabi/9.3.1/../../../../arm-none-eabi/lib/thumb/v7-m/nofp\libg.a(lib_a-closer.o)
 .debug_frame   0x00001ba0       0x3c c:/gcc-arm-none-eabi-9/bin/../lib/gcc/arm-none-eabi/9.3.1/../../../../arm-none-eabi/lib/thumb/v7-m/nofp\libg.a(lib_a-fclose.o)
 .debug_frame   0x00001bdc       0x70 c:/gcc-arm-none-eabi-9/bin/../lib/gcc/arm-none-eabi/9.3.1/../../../../arm-none-eabi/lib/thumb/v7-m/nofp\libg.a(lib_a-fiprintf.o)
 .debug_frame   0x00001c4c       0x98 c:/gcc-arm-none-eabi-9/bin/../lib/gcc/arm-none-eabi/9.3.1/../../../../arm-none-eabi/lib/thumb/v7-m/nofp\libg.a(lib_a-fputwc.o)
 .debug_frame   0x00001ce4       0x2c c:/gcc-arm-none-eabi-9/bin/../lib/gcc/arm-none-eabi/9.3.1/../../../../arm-none-eabi/lib/thumb/v7-m/nofp\libg.a(lib_a-fstatr.o)
 .debug_frame   0x00001d10       0x64 c:/gcc-arm-none-eabi-9/bin/../lib/gcc/arm-none-eabi/9.3.1/../../../../arm-none-eabi/lib/thumb/v7-m/nofp\libg.a(lib_a-fvwrite.o)
 .debug_frame   0x00001d74       0x2c c:/gcc-arm-none-eabi-9/bin/../lib/gcc/arm-none-eabi/9.3.1/../../../../arm-none-eabi/lib/thumb/v7-m/nofp\libg.a(lib_a-isattyr.o)
 .debug_frame   0x00001da0       0x54 c:/gcc-arm-none-eabi-9/bin/../lib/gcc/arm-none-eabi/9.3.1/../../../../arm-none-eabi/lib/thumb/v7-m/nofp\libg.a(lib_a-locale.o)
 .debug_frame   0x00001df4       0x30 c:/gcc-arm-none-eabi-9/bin/../lib/gcc/arm-none-eabi/9.3.1/../../../../arm-none-eabi/lib/thumb/v7-m/nofp\libg.a(lib_a-lseekr.o)
 .debug_frame   0x00001e24       0x4c c:/gcc-arm-none-eabi-9/bin/../lib/gcc/arm-none-eabi/9.3.1/../../../../arm-none-eabi/lib/thumb/v7-m/nofp\libg.a(lib_a-mbtowc_r.o)
 .debug_frame   0x00001e70       0x40 c:/gcc-arm-none-eabi-9/bin/../lib/gcc/arm-none-eabi/9.3.1/../../../../arm-none-eabi/lib/thumb/v7-m/nofp\libg.a(lib_a-memmove.o)
 .debug_frame   0x00001eb0       0x30 c:/gcc-arm-none-eabi-9/bin/../lib/gcc/arm-none-eabi/9.3.1/../../../../arm-none-eabi/lib/thumb/v7-m/nofp\libg.a(lib_a-readr.o)
 .debug_frame   0x00001ee0       0x48 c:/gcc-arm-none-eabi-9/bin/../lib/gcc/arm-none-eabi/9.3.1/../../../../arm-none-eabi/lib/thumb/v7-m/nofp\libg.a(lib_a-reallocr.o)
 .debug_frame   0x00001f28       0x60 c:/gcc-arm-none-eabi-9/bin/../lib/gcc/arm-none-eabi/9.3.1/../../../../arm-none-eabi/lib/thumb/v7-m/nofp\libg.a(lib_a-reent.o)
 .debug_frame   0x00001f88       0x40 c:/gcc-arm-none-eabi-9/bin/../lib/gcc/arm-none-eabi/9.3.1/../../../../arm-none-eabi/lib/thumb/v7-m/nofp\libg.a(lib_a-wbuf.o)
 .debug_frame   0x00001fc8       0x60 c:/gcc-arm-none-eabi-9/bin/../lib/gcc/arm-none-eabi/9.3.1/../../../../arm-none-eabi/lib/thumb/v7-m/nofp\libg.a(lib_a-wcrtomb.o)
 .debug_frame   0x00002028       0x3c c:/gcc-arm-none-eabi-9/bin/../lib/gcc/arm-none-eabi/9.3.1/../../../../arm-none-eabi/lib/thumb/v7-m/nofp\libg.a(lib_a-wctomb_r.o)
 .debug_frame   0x00002064       0x28 c:/gcc-arm-none-eabi-9/bin/../lib/gcc/arm-none-eabi/9.3.1/../../../../arm-none-eabi/lib/thumb/v7-m/nofp\libg.a(lib_a-abort.o)
 .debug_frame   0x0000208c       0xe0 c:/gcc-arm-none-eabi-9/bin/../lib/gcc/arm-none-eabi/9.3.1/../../../../arm-none-eabi/lib/thumb/v7-m/nofp\libg.a(lib_a-signal.o)
 .debug_frame   0x0000216c       0x3c c:/gcc-arm-none-eabi-9/bin/../lib/gcc/arm-none-eabi/9.3.1/../../../../arm-none-eabi/lib/thumb/v7-m/nofp\libg.a(lib_a-signalr.o)
 .debug_frame   0x000021a8       0xac c:/gcc-arm-none-eabi-9/bin/../lib/gcc/arm-none-eabi/9.3.1/thumb/v7-m/nofp\libgcc.a(_arm_addsubdf3.o)
 .debug_frame   0x00002254       0x50 c:/gcc-arm-none-eabi-9/bin/../lib/gcc/arm-none-eabi/9.3.1/thumb/v7-m/nofp\libgcc.a(_arm_muldivdf3.o)
 .debug_frame   0x000022a4       0xc4 c:/gcc-arm-none-eabi-9/bin/../lib/gcc/arm-none-eabi/9.3.1/thumb/v7-m/nofp\libgcc.a(_arm_cmpdf2.o)
 .debug_frame   0x00002368       0x20 c:/gcc-arm-none-eabi-9/bin/../lib/gcc/arm-none-eabi/9.3.1/thumb/v7-m/nofp\libgcc.a(_arm_unorddf2.o)
 .debug_frame   0x00002388       0x24 c:/gcc-arm-none-eabi-9/bin/../lib/gcc/arm-none-eabi/9.3.1/thumb/v7-m/nofp\libgcc.a(_arm_fixdfsi.o)
 .debug_frame   0x000023ac       0x2c c:/gcc-arm-none-eabi-9/bin/../lib/gcc/arm-none-eabi/9.3.1/thumb/v7-m/nofp\libgcc.a(_aeabi_uldivmod.o)
 .debug_frame   0x000023d8       0x34 c:/gcc-arm-none-eabi-9/bin/../lib/gcc/arm-none-eabi/9.3.1/thumb/v7-m/nofp\libgcc.a(_udivmoddi4.o)
